Archive member included to satisfy reference by file (symbol)

c:/ac6/systemworkbench/plugins/fr.ac6.mcu.externaltools.arm-none.win32_1.17.0.201812190825/tools/compiler/bin/../lib/gcc/arm-none-eabi/7.3.1/thumb/v6-m\libgcc.a(_udivsi3.o)
                              StdPeriph_Driver/src/stm32f0xx_rcc.o (__aeabi_uidiv)
c:/ac6/systemworkbench/plugins/fr.ac6.mcu.externaltools.arm-none.win32_1.17.0.201812190825/tools/compiler/bin/../lib/gcc/arm-none-eabi/7.3.1/thumb/v6-m\libgcc.a(_divsi3.o)
                              D:/School/ECE 36200/workspace/Lab9/src/autotest.o (__aeabi_idiv)
c:/ac6/systemworkbench/plugins/fr.ac6.mcu.externaltools.arm-none.win32_1.17.0.201812190825/tools/compiler/bin/../lib/gcc/arm-none-eabi/7.3.1/thumb/v6-m\libgcc.a(_dvmd_tls.o)
                              c:/ac6/systemworkbench/plugins/fr.ac6.mcu.externaltools.arm-none.win32_1.17.0.201812190825/tools/compiler/bin/../lib/gcc/arm-none-eabi/7.3.1/thumb/v6-m\libgcc.a(_udivsi3.o) (__aeabi_idiv0)
c:/ac6/systemworkbench/plugins/fr.ac6.mcu.externaltools.arm-none.win32_1.17.0.201812190825/tools/compiler/bin/../lib/gcc/arm-none-eabi/7.3.1/../../../../arm-none-eabi/lib/thumb/v6-m\libc.a(lib_a-errno.o)
                              src/syscalls.o (__errno)
c:/ac6/systemworkbench/plugins/fr.ac6.mcu.externaltools.arm-none.win32_1.17.0.201812190825/tools/compiler/bin/../lib/gcc/arm-none-eabi/7.3.1/../../../../arm-none-eabi/lib/thumb/v6-m\libc.a(lib_a-exit.o)
                              c:/ac6/systemworkbench/plugins/fr.ac6.mcu.externaltools.arm-none.win32_1.17.0.201812190825/tools/compiler/bin/../lib/gcc/arm-none-eabi/7.3.1/../../../../arm-none-eabi/lib/thumb/v6-m/crt0.o (exit)
c:/ac6/systemworkbench/plugins/fr.ac6.mcu.externaltools.arm-none.win32_1.17.0.201812190825/tools/compiler/bin/../lib/gcc/arm-none-eabi/7.3.1/../../../../arm-none-eabi/lib/thumb/v6-m\libc.a(lib_a-impure.o)
                              c:/ac6/systemworkbench/plugins/fr.ac6.mcu.externaltools.arm-none.win32_1.17.0.201812190825/tools/compiler/bin/../lib/gcc/arm-none-eabi/7.3.1/../../../../arm-none-eabi/lib/thumb/v6-m\libc.a(lib_a-exit.o) (_global_impure_ptr)
c:/ac6/systemworkbench/plugins/fr.ac6.mcu.externaltools.arm-none.win32_1.17.0.201812190825/tools/compiler/bin/../lib/gcc/arm-none-eabi/7.3.1/../../../../arm-none-eabi/lib/thumb/v6-m\libc.a(lib_a-init.o)
                              c:/ac6/systemworkbench/plugins/fr.ac6.mcu.externaltools.arm-none.win32_1.17.0.201812190825/tools/compiler/bin/../lib/gcc/arm-none-eabi/7.3.1/../../../../arm-none-eabi/lib/thumb/v6-m/crt0.o (__libc_init_array)
c:/ac6/systemworkbench/plugins/fr.ac6.mcu.externaltools.arm-none.win32_1.17.0.201812190825/tools/compiler/bin/../lib/gcc/arm-none-eabi/7.3.1/../../../../arm-none-eabi/lib/thumb/v6-m\libc.a(lib_a-memcmp.o)
                              D:/School/ECE 36200/workspace/Lab9/src/autotest.o (memcmp)
c:/ac6/systemworkbench/plugins/fr.ac6.mcu.externaltools.arm-none.win32_1.17.0.201812190825/tools/compiler/bin/../lib/gcc/arm-none-eabi/7.3.1/../../../../arm-none-eabi/lib/thumb/v6-m\libc.a(lib_a-memcpy-stub.o)
                              D:/School/ECE 36200/workspace/Lab9/src/autotest.o (memcpy)
c:/ac6/systemworkbench/plugins/fr.ac6.mcu.externaltools.arm-none.win32_1.17.0.201812190825/tools/compiler/bin/../lib/gcc/arm-none-eabi/7.3.1/../../../../arm-none-eabi/lib/thumb/v6-m\libc.a(lib_a-memset.o)
                              c:/ac6/systemworkbench/plugins/fr.ac6.mcu.externaltools.arm-none.win32_1.17.0.201812190825/tools/compiler/bin/../lib/gcc/arm-none-eabi/7.3.1/../../../../arm-none-eabi/lib/thumb/v6-m/crt0.o (memset)
c:/ac6/systemworkbench/plugins/fr.ac6.mcu.externaltools.arm-none.win32_1.17.0.201812190825/tools/compiler/bin/../lib/gcc/arm-none-eabi/7.3.1/../../../../arm-none-eabi/lib/thumb/v6-m\libc.a(lib_a-random.o)
                              D:/School/ECE 36200/workspace/Lab9/src/autotest.o (srandom)
c:/ac6/systemworkbench/plugins/fr.ac6.mcu.externaltools.arm-none.win32_1.17.0.201812190825/tools/compiler/bin/../lib/gcc/arm-none-eabi/7.3.1/../../../../arm-none-eabi/lib/thumb/v6-m\libc.a(lib_a-strcat.o)
                              D:/School/ECE 36200/workspace/Lab9/src/autotest.o (strcat)
c:/ac6/systemworkbench/plugins/fr.ac6.mcu.externaltools.arm-none.win32_1.17.0.201812190825/tools/compiler/bin/../lib/gcc/arm-none-eabi/7.3.1/../../../../arm-none-eabi/lib/thumb/v6-m\libc.a(lib_a-strcmp.o)
                              src/main.o (strcmp)
c:/ac6/systemworkbench/plugins/fr.ac6.mcu.externaltools.arm-none.win32_1.17.0.201812190825/tools/compiler/bin/../lib/gcc/arm-none-eabi/7.3.1/../../../../arm-none-eabi/lib/thumb/v6-m\libc.a(lib_a-strcpy.o)
                              c:/ac6/systemworkbench/plugins/fr.ac6.mcu.externaltools.arm-none.win32_1.17.0.201812190825/tools/compiler/bin/../lib/gcc/arm-none-eabi/7.3.1/../../../../arm-none-eabi/lib/thumb/v6-m\libc.a(lib_a-strcat.o) (strcpy)
[...]
Memory Configuration

Name             Origin             Length             Attributes
RAM              0x20000000         0x00008000         xrw
ROM              0x08000000         0x00040000         xr
*default*        0x00000000         0xffffffff

Linker script and memory map

LOAD c:/ac6/systemworkbench/plugins/fr.ac6.mcu.externaltools.arm-none.win32_1.17.0.201812190825/tools/compiler/bin/../lib/gcc/arm-none-eabi/7.3.1/thumb/v6-m/crti.o
LOAD c:/ac6/systemworkbench/plugins/fr.ac6.mcu.externaltools.arm-none.win32_1.17.0.201812190825/tools/compiler/bin/../lib/gcc/arm-none-eabi/7.3.1/thumb/v6-m/crtbegin.o
LOAD c:/ac6/systemworkbench/plugins/fr.ac6.mcu.externaltools.arm-none.win32_1.17.0.201812190825/tools/compiler/bin/../lib/gcc/arm-none-eabi/7.3.1/../../../../arm-none-eabi/lib/thumb/v6-m/crt0.o
LOAD StdPeriph_Driver/src/stm32f0xx_adc.o
LOAD StdPeriph_Driver/src/stm32f0xx_can.o
LOAD StdPeriph_Driver/src/stm32f0xx_cec.o
LOAD StdPeriph_Driver/src/stm32f0xx_comp.o
LOAD StdPeriph_Driver/src/stm32f0xx_crc.o
LOAD StdPeriph_Driver/src/stm32f0xx_crs.o
LOAD StdPeriph_Driver/src/stm32f0xx_dac.o
LOAD StdPeriph_Driver/src/stm32f0xx_dbgmcu.o
LOAD StdPeriph_Driver/src/stm32f0xx_dma.o
LOAD StdPeriph_Driver/src/stm32f0xx_exti.o
LOAD StdPeriph_Driver/src/stm32f0xx_flash.o
LOAD StdPeriph_Driver/src/stm32f0xx_gpio.o
LOAD StdPeriph_Driver/src/stm32f0xx_i2c.o
LOAD StdPeriph_Driver/src/stm32f0xx_iwdg.o
LOAD StdPeriph_Driver/src/stm32f0xx_misc.o
LOAD StdPeriph_Driver/src/stm32f0xx_pwr.o
LOAD StdPeriph_Driver/src/stm32f0xx_rcc.o
LOAD StdPeriph_Driver/src/stm32f0xx_rtc.o
LOAD StdPeriph_Driver/src/stm32f0xx_spi.o
LOAD StdPeriph_Driver/src/stm32f0xx_syscfg.o
LOAD StdPeriph_Driver/src/stm32f0xx_tim.o
LOAD StdPeriph_Driver/src/stm32f0xx_usart.o
LOAD StdPeriph_Driver/src/stm32f0xx_wwdg.o
LOAD src/main.o
LOAD src/syscalls.o
LOAD src/system_stm32f0xx.o
LOAD startup/startup_stm32.o
LOAD D:/School/ECE 36200/workspace/Lab9/src/autotest.o
LOAD c:/ac6/systemworkbench/plugins/fr.ac6.mcu.externaltools.arm-none.win32_1.17.0.201812190825/tools/compiler/bin/../lib/gcc/arm-none-eabi/7.3.1/../../../../arm-none-eabi/lib/thumb/v6-m\libm.a
START GROUP
LOAD c:/ac6/systemworkbench/plugins/fr.ac6.mcu.externaltools.arm-none.win32_1.17.0.201812190825/tools/compiler/bin/../lib/gcc/arm-none-eabi/7.3.1/thumb/v6-m\libgcc.a
LOAD c:/ac6/systemworkbench/plugins/fr.ac6.mcu.externaltools.arm-none.win32_1.17.0.201812190825/tools/compiler/bin/../lib/gcc/arm-none-eabi/7.3.1/../../../../arm-none-eabi/lib/thumb/v6-m\libc.a
END GROUP
LOAD c:/ac6/systemworkbench/plugins/fr.ac6.mcu.externaltools.arm-none.win32_1.17.0.201812190825/tools/compiler/bin/../lib/gcc/arm-none-eabi/7.3.1/thumb/v6-m/crtend.o
LOAD c:/ac6/systemworkbench/plugins/fr.ac6.mcu.externaltools.arm-none.win32_1.17.0.201812190825/tools/compiler/bin/../lib/gcc/arm-none-eabi/7.3.1/thumb/v6-m/crtn.o
                0x20008000                _estack = 0x20008000
                0x00000000                _Min_Heap_Size = 0x0
                0x00000400                _Min_Stack_Size = 0x400

.isr_vector     0x08000000       0xc0
                0x08000000                . = ALIGN (0x4)
 *(.isr_vector)
 .isr_vector    0x08000000       0xc0 startup/startup_stm32.o
                0x08000000                g_pfnVectors
                0x080000c0                . = ALIGN (0x4)

.text           0x080000c0     0x4ab0
                0x080000c0                . = ALIGN (0x4)
 *(.text)
 .text          0x080000c0       0x48 c:/ac6/systemworkbench/plugins/fr.ac6.mcu.externaltools.arm-none.win32_1.17.0.201812190825/tools/compiler/bin/../lib/gcc/arm-none-eabi/7.3.1/thumb/v6-m/crtbegin.o
 .text          0x08000108      0x1d4 c:/ac6/systemworkbench/plugins/fr.ac6.mcu.externaltools.arm-none.win32_1.17.0.201812190825/tools/compiler/bin/../lib/gcc/arm-none-eabi/7.3.1/thumb/v6-m\libgcc.a(_divsi3.o)
                0x08000108                __divsi3
                0x08000108                __aeabi_idiv
                0x080002d4                __aeabi_idivmod
 .text          0x080002dc        0x4 c:/ac6/systemworkbench/plugins/fr.ac6.mcu.externaltools.arm-none.win32_1.17.0.201812190825/tools/compiler/bin/../lib/gcc/arm-none-eabi/7.3.1/thumb/v6-m\libgcc.a(_dvmd_tls.o)
                0x080002dc                __aeabi_idiv0
                0x080002dc                __aeabi_ldiv0
 .text          0x080002e0       0x88 c:/ac6/systemworkbench/plugins/fr.ac6.mcu.externaltools.arm-none.win32_1.17.0.201812190825/tools/compiler/bin/../lib/gcc/arm-none-eabi/7.3.1/../../../../arm-none-eabi/lib/thumb/v6-m\libc.a(lib_a-strcmp.o)
                0x080002e0                strcmp
 .text          0x08000368       0x54 c:/ac6/systemworkbench/plugins/fr.ac6.mcu.externaltools.arm-none.win32_1.17.0.201812190825/tools/compiler/bin/../lib/gcc/arm-none-eabi/7.3.1/thumb/v6-m\libgcc.a(_muldi3.o)
                0x08000368                __muldi3
                0x08000368                __aeabi_lmul
 *(.text*)
 .text.nano_wait
                0x080003bc       0x18 src/main.o
                0x080003bc                nano_wait
 .text.setup_i2c
                0x080003d4      0x11c src/main.o
                0x080003d4                setup_i2c
 .text.i2c_waitidle
                0x080004f0       0x24 src/main.o
                0x080004f0                i2c_waitidle
 .text.i2c_start
                0x08000514       0x84 src/main.o
                0x08000514                i2c_start
 .text.i2c_stop
                0x08000598       0x40 src/main.o
                0x08000598                i2c_stop
 .text.i2c_senddata
                0x080005d8       0xe4 src/main.o
                0x080005d8                i2c_senddata
 .text.i2c_recvdata
                0x080006bc       0xe0 src/main.o
                0x080006bc                i2c_recvdata
 .text.i2c_set_iodir
                0x0800079c       0x30 src/main.o
                0x0800079c                i2c_set_iodir
 .text.i2c_set_gpio
                0x080007cc       0x30 src/main.o
                0x080007cc                i2c_set_gpio
 .text.i2c_get_gpio
                0x080007fc       0x2c src/main.o
                0x080007fc                i2c_get_gpio
 .text.i2c_write_flash
                0x08000828       0x8c src/main.o
                0x08000828                i2c_write_flash
 .text.i2c_write_flash_complete
                0x080008b4       0x58 src/main.o
                0x080008b4                i2c_write_flash_complete
 .text.i2c_read_flash
                0x0800090c       0x62 src/main.o
                0x0800090c                i2c_read_flash
 *fill*         0x0800096e        0x2 
 .text.main     0x08000970      0x1b4 src/main.o
                0x08000970                main
 .text.SystemInit
                0x08000b24       0x8c src/system_stm32f0xx.o
                0x08000b24                SystemInit
 .text.SetSysClock
                0x08000bb0       0xe0 src/system_stm32f0xx.o
 .text.Reset_Handler
                0x08000c90       0x50 startup/startup_stm32.o
                0x08000c90                Reset_Handler
 .text.Default_Handler
                0x08000ce0        0x2 startup/startup_stm32.o
                0x08000ce0                DMA1_CH4_5_6_7_DMA2_CH3_4_5_IRQHandler
                0x08000ce0                TIM1_CC_IRQHandler
                0x08000ce0                TSC_IRQHandler
                0x08000ce0                HardFault_Handler
                0x08000ce0                SysTick_Handler
                0x08000ce0                PVD_IRQHandler
                0x08000ce0                PendSV_Handler
                0x08000ce0                NMI_Handler
                0x08000ce0                I2C1_IRQHandler
                0x08000ce0                RCC_CRS_IRQHandler
                0x08000ce0                SPI1_IRQHandler
                0x08000ce0                TIM6_DAC_IRQHandler
                0x08000ce0                EXTI2_3_IRQHandler
                0x08000ce0                I2C2_IRQHandler
                0x08000ce0                CEC_CAN_IRQHandler
                0x08000ce0                RTC_IRQHandler
                0x08000ce0                TIM3_IRQHandler
                0x08000ce0                EXTI4_15_IRQHandler
                0x08000ce0                Default_Handler
                0x08000ce0                DMA1_CH2_3_DMA2_CH1_2_IRQHandler
                0x08000ce0                TIM14_IRQHandler
                0x08000ce0                TIM7_IRQHandler
                0x08000ce0                TIM15_IRQHandler
                0x08000ce0                EXTI0_1_IRQHandler
                0x08000ce0                USB_IRQHandler
                0x08000ce0                SPI2_IRQHandler
                0x08000ce0                DMA1_CH1_IRQHandler
                0x08000ce0                SVC_Handler
                0x08000ce0                WWDG_IRQHandler
                0x08000ce0                TIM2_IRQHandler
                0x08000ce0                ADC_COMP_IRQHandler
                0x08000ce0                USART2_IRQHandler
                0x08000ce0                USART3_4_5_6_7_8_IRQHandler
                0x08000ce0                FLASH_IRQHandler
                0x08000ce0                USART1_IRQHandler
                0x08000ce0                TIM1_BRK_UP_TRG_COM_IRQHandler
 .text.nano_wait
                0x08000ce2       0x18 D:/School/ECE 36200/workspace/Lab9/src/autotest.o
 *fill*         0x08000cfa        0x2 
 .text.milli_wait
                0x08000cfc       0x38 D:/School/ECE 36200/workspace/Lab9/src/autotest.o
 .text.usleep   0x08000d34       0x54 D:/School/ECE 36200/workspace/Lab9/src/autotest.o
 .text.num_lsl  0x08000d88      0x14e D:/School/ECE 36200/workspace/Lab9/src/autotest.o
 .text.num_lsr  0x08000ed6       0xee D:/School/ECE 36200/workspace/Lab9/src/autotest.o
 .text.num_init
                0x08000fc4       0x4a D:/School/ECE 36200/workspace/Lab9/src/autotest.o
 .text.num_init_int
                0x0800100e       0x26 D:/School/ECE 36200/workspace/Lab9/src/autotest.o
 .text.num_init_mem
                0x08001034       0x5c D:/School/ECE 36200/workspace/Lab9/src/autotest.o
 .text.num_init_str
                0x08001090      0x122 D:/School/ECE 36200/workspace/Lab9/src/autotest.o
 .text.num_copy
                0x080011b2       0x5e D:/School/ECE 36200/workspace/Lab9/src/autotest.o
 .text.num_assign
                0x08001210       0x5e D:/School/ECE 36200/workspace/Lab9/src/autotest.o
 .text.num_bitsize
                0x0800126e       0xc4 D:/School/ECE 36200/workspace/Lab9/src/autotest.o
 .text.num_add  0x08001332      0x1d0 D:/School/ECE 36200/workspace/Lab9/src/autotest.o
 .text.num_inverse
                0x08001502       0x52 D:/School/ECE 36200/workspace/Lab9/src/autotest.o
 .text.num_sub  0x08001554      0x25c D:/School/ECE 36200/workspace/Lab9/src/autotest.o
 .text.num_is_positive
                0x080017b0       0x2a D:/School/ECE 36200/workspace/Lab9/src/autotest.o
 .text.num_is_greater
                0x080017da       0xc4 D:/School/ECE 36200/workspace/Lab9/src/autotest.o
 .text.num_mul  0x0800189e      0x186 D:/School/ECE 36200/workspace/Lab9/src/autotest.o
 .text.num_is_zero
                0x08001a24       0x3e D:/School/ECE 36200/workspace/Lab9/src/autotest.o
 .text.num_is_odd
                0x08001a62       0x20 D:/School/ECE 36200/workspace/Lab9/src/autotest.o
 .text.num_div  0x08001a82      0x4ba D:/School/ECE 36200/workspace/Lab9/src/autotest.o
 .text.num_powmod
                0x08001f3c      0x23c D:/School/ECE 36200/workspace/Lab9/src/autotest.o
 .text.cmd      0x08002178       0x34 D:/School/ECE 36200/workspace/Lab9/src/autotest.o
 .text.data     0x080021ac       0x40 D:/School/ECE 36200/workspace/Lab9/src/autotest.o
 .text.init_lcd
                0x080021ec      0x104 D:/School/ECE 36200/workspace/Lab9/src/autotest.o
 .text.display1
                0x080022f0       0x5a D:/School/ECE 36200/workspace/Lab9/src/autotest.o
 .text.display2
                0x0800234a       0x5a D:/School/ECE 36200/workspace/Lab9/src/autotest.o
 .text.scroll2  0x080023a4       0xdc D:/School/ECE 36200/workspace/Lab9/src/autotest.o
 .text.init_pa0
                0x08002480       0x3c D:/School/ECE 36200/workspace/Lab9/src/autotest.o
 .text.wait_pa0_release
                0x080024bc       0x58 D:/School/ECE 36200/workspace/Lab9/src/autotest.o
 .text.wait_pa0_press
                0x08002514       0x58 D:/School/ECE 36200/workspace/Lab9/src/autotest.o
 .text.spin     0x0800256c        0xe D:/School/ECE 36200/workspace/Lab9/src/autotest.o
 *fill*         0x0800257a        0x2 
 .text.check_cpu
                0x0800257c       0x48 D:/School/ECE 36200/workspace/Lab9/src/autotest.o
 .text.check_mem
                0x080025c4       0x48 D:/School/ECE 36200/workspace/Lab9/src/autotest.o
 .text.check_clock
                0x0800260c      0x120 D:/School/ECE 36200/workspace/Lab9/src/autotest.o
 .text.get_ent  0x0800272c      0x138 D:/School/ECE 36200/workspace/Lab9/src/autotest.o
 .text.encode   0x08002864       0x8c D:/School/ECE 36200/workspace/Lab9/src/autotest.o
 .text.inform   0x080028f0      0x2f4 D:/School/ECE 36200/workspace/Lab9/src/autotest.o
 .text.internal_setup_i2c
                0x08002be4      0x138 D:/School/ECE 36200/workspace/Lab9/src/autotest.o
 .text.internal_i2c_start
                0x08002d1c       0x8c D:/School/ECE 36200/workspace/Lab9/src/autotest.o
 .text.internal_i2c_stop
                0x08002da8       0x40 D:/School/ECE 36200/workspace/Lab9/src/autotest.o
 .text.internal_i2c_waitidle
                0x08002de8       0x24 D:/School/ECE 36200/workspace/Lab9/src/autotest.o
 .text.internal_i2c_senddata
                0x08002e0c       0xdc D:/School/ECE 36200/workspace/Lab9/src/autotest.o
 .text.internal_i2c_readdata
                0x08002ee8       0xa4 D:/School/ECE 36200/workspace/Lab9/src/autotest.o
 .text.internal_i2c_set_iodir
                0x08002f8c       0x50 D:/School/ECE 36200/workspace/Lab9/src/autotest.o
 .text.internal_i2c_get_iodir
                0x08002fdc       0x30 D:/School/ECE 36200/workspace/Lab9/src/autotest.o
 .text.internal_i2c_set_gpio
                0x0800300c       0x2c D:/School/ECE 36200/workspace/Lab9/src/autotest.o
 .text.internal_i2c_get_gpio
                0x08003038       0x30 D:/School/ECE 36200/workspace/Lab9/src/autotest.o
 .text.internal_i2c_write_flash
                0x08003068       0x88 D:/School/ECE 36200/workspace/Lab9/src/autotest.o
 .text.internal_i2c_write_flash_complete
                0x080030f0       0x70 D:/School/ECE 36200/workspace/Lab9/src/autotest.o
 .text.internal_i2c_read_flash
                0x08003160       0x5e D:/School/ECE 36200/workspace/Lab9/src/autotest.o
 *fill*         0x080031be        0x2 
 .text.check_wiring
                0x080031c0      0x1d4 D:/School/ECE 36200/workspace/Lab9/src/autotest.o
 .text.reset_i2c
                0x08003394       0x38 D:/School/ECE 36200/workspace/Lab9/src/autotest.o
 .text.check_setup_i2c
                0x080033cc      0x2d8 D:/School/ECE 36200/workspace/Lab9/src/autotest.o
 .text.check_i2c_set_iodir
                0x080036a4       0x88 D:/School/ECE 36200/workspace/Lab9/src/autotest.o
 .text.check_i2c_set_gpio
                0x0800372c       0x8c D:/School/ECE 36200/workspace/Lab9/src/autotest.o
 .text.check_i2c_get_gpio
                0x080037b8       0x94 D:/School/ECE 36200/workspace/Lab9/src/autotest.o
 .text.random_buf
                0x0800384c       0x96 D:/School/ECE 36200/workspace/Lab9/src/autotest.o
 *fill*         0x080038e2        0x2 
 .text.check_i2c_write_flash
                0x080038e4      0x1c4 D:/School/ECE 36200/workspace/Lab9/src/autotest.o
 .text.check_i2c_write_flash_complete
                0x08003aa8       0xf4 D:/School/ECE 36200/workspace/Lab9/src/autotest.o
 .text.check_i2c_read_flash
                0x08003b9c      0x12c D:/School/ECE 36200/workspace/Lab9/src/autotest.o
 .text.TIM16_IRQHandler
                0x08003cc8       0x2c D:/School/ECE 36200/workspace/Lab9/src/autotest.o
                0x08003cc8                TIM16_IRQHandler
 .text.setup_tim16
                0x08003cf4       0x5c D:/School/ECE 36200/workspace/Lab9/src/autotest.o
 .text.internal_enable_ports
                0x08003d50       0x7c D:/School/ECE 36200/workspace/Lab9/src/autotest.o
 .text.internal_show_digit
                0x08003dcc       0x44 D:/School/ECE 36200/workspace/Lab9/src/autotest.o
 .text.internal_set_row
                0x08003e10       0x2c D:/School/ECE 36200/workspace/Lab9/src/autotest.o
 .text.internal_get_cols
                0x08003e3c       0x20 D:/School/ECE 36200/workspace/Lab9/src/autotest.o
 .text.internal_insert_queue
                0x08003e5c       0x48 D:/School/ECE 36200/workspace/Lab9/src/autotest.o
 .text.internal_update_hist
                0x08003ea4      0x110 D:/School/ECE 36200/workspace/Lab9/src/autotest.o
 .text.TIM17_IRQHandler
                0x08003fb4       0x60 D:/School/ECE 36200/workspace/Lab9/src/autotest.o
                0x08003fb4                TIM17_IRQHandler
 .text.setup_tim17
                0x08004014       0x5c D:/School/ECE 36200/workspace/Lab9/src/autotest.o
 .text.autotest
                0x08004070      0x640 D:/School/ECE 36200/workspace/Lab9/src/autotest.o
                0x08004070                autotest
 .text.__libc_init_array
                0x080046b0       0x48 c:/ac6/systemworkbench/plugins/fr.ac6.mcu.externaltools.arm-none.win32_1.17.0.201812190825/tools/compiler/bin/../lib/gcc/arm-none-eabi/7.3.1/../../../../arm-none-eabi/lib/thumb/v6-m\libc.a(lib_a-init.o)
                0x080046b0                __libc_init_array
 .text.memcmp   0x080046f8       0x4c c:/ac6/systemworkbench/plugins/fr.ac6.mcu.externaltools.arm-none.win32_1.17.0.201812190825/tools/compiler/bin/../lib/gcc/arm-none-eabi/7.3.1/../../../../arm-none-eabi/lib/thumb/v6-m\libc.a(lib_a-memcmp.o)
                0x080046f8                memcmp
 .text.memcpy   0x08004744       0x88 c:/ac6/systemworkbench/plugins/fr.ac6.mcu.externaltools.arm-none.win32_1.17.0.201812190825/tools/compiler/bin/../lib/gcc/arm-none-eabi/7.3.1/../../../../arm-none-eabi/lib/thumb/v6-m\libc.a(lib_a-memcpy-stub.o)
                0x08004744                memcpy
 .text.memset   0x080047cc       0x9c c:/ac6/systemworkbench/plugins/fr.ac6.mcu.externaltools.arm-none.win32_1.17.0.201812190825/tools/compiler/bin/../lib/gcc/arm-none-eabi/7.3.1/../../../../arm-none-eabi/lib/thumb/v6-m\libc.a(lib_a-memset.o)
                0x080047cc                memset
 .text.srandom  0x08004868       0x14 c:/ac6/systemworkbench/plugins/fr.ac6.mcu.externaltools.arm-none.win32_1.17.0.201812190825/tools/compiler/bin/../lib/gcc/arm-none-eabi/7.3.1/../../../../arm-none-eabi/lib/thumb/v6-m\libc.a(lib_a-random.o)
                0x08004868                srandom
 .text.random   0x0800487c       0x34 c:/ac6/systemworkbench/plugins/fr.ac6.mcu.externaltools.arm-none.win32_1.17.0.201812190825/tools/compiler/bin/../lib/gcc/arm-none-eabi/7.3.1/../../../../arm-none-eabi/lib/thumb/v6-m\libc.a(lib_a-random.o)
                0x0800487c                random
 .text.strcat   0x080048b0       0x50 c:/ac6/systemworkbench/plugins/fr.ac6.mcu.externaltools.arm-none.win32_1.17.0.201812190825/tools/compiler/bin/../lib/gcc/arm-none-eabi/7.3.1/../../../../arm-none-eabi/lib/thumb/v6-m\libc.a(lib_a-strcat.o)
                0x080048b0                strcat
 .text.strcpy   0x08004900       0x10 c:/ac6/systemworkbench/plugins/fr.ac6.mcu.externaltools.arm-none.win32_1.17.0.201812190825/tools/compiler/bin/../lib/gcc/arm-none-eabi/7.3.1/../../../../arm-none-eabi/lib/thumb/v6-m\libc.a(lib_a-strcpy.o)
                0x08004900                strcpy
 .text.strlen   0x08004910       0x64 c:/ac6/systemworkbench/plugins/fr.ac6.mcu.externaltools.arm-none.win32_1.17.0.201812190825/tools/compiler/bin/../lib/gcc/arm-none-eabi/7.3.1/../../../../arm-none-eabi/lib/thumb/v6-m\libc.a(lib_a-strlen-stub.o)
                0x08004910                strlen
 .text.strncpy  0x08004974       0x8c c:/ac6/systemworkbench/plugins/fr.ac6.mcu.externaltools.arm-none.win32_1.17.0.201812190825/tools/compiler/bin/../lib/gcc/arm-none-eabi/7.3.1/../../../../arm-none-eabi/lib/thumb/v6-m\libc.a(lib_a-strncpy.o)
                0x08004974                strncpy
 .text.startup.register_fini
                0x08004a00       0x18 c:/ac6/systemworkbench/plugins/fr.ac6.mcu.externaltools.arm-none.win32_1.17.0.201812190825/tools/compiler/bin/../lib/gcc/arm-none-eabi/7.3.1/../../../../arm-none-eabi/lib/thumb/v6-m\libc.a(lib_a-__call_atexit.o)
 .text.atexit   0x08004a18       0x10 c:/ac6/systemworkbench/plugins/fr.ac6.mcu.externaltools.arm-none.win32_1.17.0.201812190825/tools/compiler/bin/../lib/gcc/arm-none-eabi/7.3.1/../../../../arm-none-eabi/lib/thumb/v6-m\libc.a(lib_a-atexit.o)
                0x08004a18                atexit
 .text.__libc_fini_array
                0x08004a28       0x34 c:/ac6/systemworkbench/plugins/fr.ac6.mcu.externaltools.arm-none.win32_1.17.0.201812190825/tools/compiler/bin/../lib/gcc/arm-none-eabi/7.3.1/../../../../arm-none-eabi/lib/thumb/v6-m\libc.a(lib_a-fini.o)
                0x08004a28                __libc_fini_array
 .text.__retarget_lock_acquire_recursive
                0x08004a5c        0x4 c:/ac6/systemworkbench/plugins/fr.ac6.mcu.externaltools.arm-none.win32_1.17.0.201812190825/tools/compiler/bin/../lib/gcc/arm-none-eabi/7.3.1/../../../../arm-none-eabi/lib/thumb/v6-m\libc.a(lib_a-lock.o)
                0x08004a5c                __retarget_lock_acquire_recursive
 .text.__retarget_lock_release_recursive
                0x08004a60        0x4 c:/ac6/systemworkbench/plugins/fr.ac6.mcu.externaltools.arm-none.win32_1.17.0.201812190825/tools/compiler/bin/../lib/gcc/arm-none-eabi/7.3.1/../../../../arm-none-eabi/lib/thumb/v6-m\libc.a(lib_a-lock.o)
                0x08004a60                __retarget_lock_release_recursive
 .text.__register_exitproc
                0x08004a64       0xf4 c:/ac6/systemworkbench/plugins/fr.ac6.mcu.externaltools.arm-none.win32_1.17.0.201812190825/tools/compiler/bin/../lib/gcc/arm-none-eabi/7.3.1/../../../../arm-none-eabi/lib/thumb/v6-m\libc.a(lib_a-__atexit.o)
                0x08004a64                __register_exitproc
 *(.glue_7)
 .glue_7        0x08004b58        0x0 linker stubs
 *(.glue_7t)
 .glue_7t       0x08004b58        0x0 linker stubs
 *(.eh_frame)
 .eh_frame      0x08004b58        0x0 c:/ac6/systemworkbench/plugins/fr.ac6.mcu.externaltools.arm-none.win32_1.17.0.201812190825/tools/compiler/bin/../lib/gcc/arm-none-eabi/7.3.1/thumb/v6-m/crtbegin.o
 *(.init)
 .init          0x08004b58        0x4 c:/ac6/systemworkbench/plugins/fr.ac6.mcu.externaltools.arm-none.win32_1.17.0.201812190825/tools/compiler/bin/../lib/gcc/arm-none-eabi/7.3.1/thumb/v6-m/crti.o
                0x08004b58                _init
 .init          0x08004b5c        0x8 c:/ac6/systemworkbench/plugins/fr.ac6.mcu.externaltools.arm-none.win32_1.17.0.201812190825/tools/compiler/bin/../lib/gcc/arm-none-eabi/7.3.1/thumb/v6-m/crtn.o
 *(.fini)
 .fini          0x08004b64        0x4 c:/ac6/systemworkbench/plugins/fr.ac6.mcu.externaltools.arm-none.win32_1.17.0.201812190825/tools/compiler/bin/../lib/gcc/arm-none-eabi/7.3.1/thumb/v6-m/crti.o
                0x08004b64                _fini
 .fini          0x08004b68        0x8 c:/ac6/systemworkbench/plugins/fr.ac6.mcu.externaltools.arm-none.win32_1.17.0.201812190825/tools/compiler/bin/../lib/gcc/arm-none-eabi/7.3.1/thumb/v6-m/crtn.o
                0x08004b70                . = ALIGN (0x4)
                0x08004b70                _etext = .

.vfp11_veneer   0x08004b70        0x0
 .vfp11_veneer  0x08004b70        0x0 linker stubs

.v4_bx          0x08004b70        0x0
 .v4_bx         0x08004b70        0x0 linker stubs

.iplt           0x08004b70        0x0
 .iplt          0x08004b70        0x0 c:/ac6/systemworkbench/plugins/fr.ac6.mcu.externaltools.arm-none.win32_1.17.0.201812190825/tools/compiler/bin/../lib/gcc/arm-none-eabi/7.3.1/thumb/v6-m/crtbegin.o

.rodata         0x08004b70      0x6dc
                0x08004b70                . = ALIGN (0x4)
 *(.rodata)
 .rodata        0x08004b70       0x18 src/main.o
                0x08004b70                login
 .rodata        0x08004b88      0x6c0 D:/School/ECE 36200/workspace/Lab9/src/autotest.o
                0x08005074                font
 *(.rodata*)
 .rodata._global_impure_ptr
                0x08005248        0x4 c:/ac6/systemworkbench/plugins/fr.ac6.mcu.externaltools.arm-none.win32_1.17.0.201812190825/tools/compiler/bin/../lib/gcc/arm-none-eabi/7.3.1/../../../../arm-none-eabi/lib/thumb/v6-m\libc.a(lib_a-impure.o)
                0x08005248                _global_impure_ptr
                0x0800524c                . = ALIGN (0x4)

.rel.dyn        0x0800524c        0x0
 .rel.iplt      0x0800524c        0x0 c:/ac6/systemworkbench/plugins/fr.ac6.mcu.externaltools.arm-none.win32_1.17.0.201812190825/tools/compiler/bin/../lib/gcc/arm-none-eabi/7.3.1/thumb/v6-m/crtbegin.o

.ARM.extab      0x0800524c        0x0
                0x0800524c                . = ALIGN (0x4)
 *(.ARM.extab* .gnu.linkonce.armextab.*)
                0x0800524c                . = ALIGN (0x4)

.ARM            0x0800524c        0x0
                0x0800524c                . = ALIGN (0x4)
                0x0800524c                __exidx_start = .
 *(.ARM.exidx*)
                0x0800524c                __exidx_end = .
                0x0800524c                . = ALIGN (0x4)

.preinit_array  0x0800524c        0x0
                0x0800524c                . = ALIGN (0x4)
                0x0800524c                PROVIDE (__preinit_array_start = .)
 *(.preinit_array*)
                0x0800524c                PROVIDE (__preinit_array_end = .)
                0x0800524c                . = ALIGN (0x4)

.init_array     0x0800524c        0x8
                0x0800524c                . = ALIGN (0x4)
                0x0800524c                PROVIDE (__init_array_start = .)
 *(SORT_BY_NAME(.init_array.*))
 .init_array.00000
                0x0800524c        0x4 c:/ac6/systemworkbench/plugins/fr.ac6.mcu.externaltools.arm-none.win32_1.17.0.201812190825/tools/compiler/bin/../lib/gcc/arm-none-eabi/7.3.1/../../../../arm-none-eabi/lib/thumb/v6-m\libc.a(lib_a-__call_atexit.o)
 *(.init_array*)
 .init_array    0x08005250        0x4 c:/ac6/systemworkbench/plugins/fr.ac6.mcu.externaltools.arm-none.win32_1.17.0.201812190825/tools/compiler/bin/../lib/gcc/arm-none-eabi/7.3.1/thumb/v6-m/crtbegin.o
                0x08005254                PROVIDE (__init_array_end = .)
                0x08005254                . = ALIGN (0x4)

.fini_array     0x08005254        0x4
                0x08005254                . = ALIGN (0x4)
                0x08005254                PROVIDE (__fini_array_start = .)
 *(SORT_BY_NAME(.fini_array.*))
 *(.fini_array*)
 .fini_array    0x08005254        0x4 c:/ac6/systemworkbench/plugins/fr.ac6.mcu.externaltools.arm-none.win32_1.17.0.201812190825/tools/compiler/bin/../lib/gcc/arm-none-eabi/7.3.1/thumb/v6-m/crtbegin.o
                0x08005258                PROVIDE (__fini_array_end = .)
                0x08005258                . = ALIGN (0x4)
                0x08005258                _sidata = LOADADDR (.data)

.data           0x20000000      0x434 load address 0x08005258
                0x20000000                . = ALIGN (0x4)
                0x20000000                _sdata = .
 *(.data)
 *(.data*)
 .data._impure_ptr
                0x20000000        0x4 c:/ac6/systemworkbench/plugins/fr.ac6.mcu.externaltools.arm-none.win32_1.17.0.201812190825/tools/compiler/bin/../lib/gcc/arm-none-eabi/7.3.1/../../../../arm-none-eabi/lib/thumb/v6-m\libc.a(lib_a-impure.o)
                0x20000000                _impure_ptr
 *fill*         0x20000004        0x4 
 .data.impure_data
                0x20000008      0x428 c:/ac6/systemworkbench/plugins/fr.ac6.mcu.externaltools.arm-none.win32_1.17.0.201812190825/tools/compiler/bin/../lib/gcc/arm-none-eabi/7.3.1/../../../../arm-none-eabi/lib/thumb/v6-m\libc.a(lib_a-impure.o)
 .data.__atexit_recursive_mutex
                0x20000430        0x4 c:/ac6/systemworkbench/plugins/fr.ac6.mcu.externaltools.arm-none.win32_1.17.0.201812190825/tools/compiler/bin/../lib/gcc/arm-none-eabi/7.3.1/../../../../arm-none-eabi/lib/thumb/v6-m\libc.a(lib_a-__call_atexit.o)
                0x20000430                __atexit_recursive_mutex
                0x20000434                . = ALIGN (0x4)
                0x20000434                _edata = .

.igot.plt       0x20000434        0x0 load address 0x0800568c
 .igot.plt      0x20000434        0x0 c:/ac6/systemworkbench/plugins/fr.ac6.mcu.externaltools.arm-none.win32_1.17.0.201812190825/tools/compiler/bin/../lib/gcc/arm-none-eabi/7.3.1/thumb/v6-m/crtbegin.o
                0x20000434                . = ALIGN (0x4)

.bss            0x20000434      0x6a4 load address 0x0800568c
                0x20000434                _sbss = .
                0x20000434                __bss_start__ = _sbss
 *(.bss)
 .bss           0x20000434       0x1c c:/ac6/systemworkbench/plugins/fr.ac6.mcu.externaltools.arm-none.win32_1.17.0.201812190825/tools/compiler/bin/../lib/gcc/arm-none-eabi/7.3.1/thumb/v6-m/crtbegin.o
 .bss           0x20000450      0x664 D:/School/ECE 36200/workspace/Lab9/src/autotest.o
 *(.bss*)
 *(COMMON)
 COMMON         0x20000ab4       0x21 c:/ac6/systemworkbench/plugins/fr.ac6.mcu.externaltools.arm-none.win32_1.17.0.201812190825/tools/compiler/bin/../lib/gcc/arm-none-eabi/7.3.1/../../../../arm-none-eabi/lib/thumb/v6-m\libc.a(lib_a-lock.o)
                0x20000ab4                __lock___atexit_recursive_mutex
                0x20000ab8                __lock___arc4random_mutex
                0x20000abc                __lock___env_recursive_mutex
                0x20000ac0                __lock___sinit_recursive_mutex
                0x20000ac4                __lock___malloc_recursive_mutex
                0x20000ac8                __lock___at_quick_exit_mutex
                0x20000acc                __lock___dd_hash_mutex
                0x20000ad0                __lock___tz_mutex
                0x20000ad4                __lock___sfp_recursive_mutex
                0x20000ad8                . = ALIGN (0x4)
 *fill*         0x20000ad5        0x3 
                0x20000ad8                _ebss = .
                0x20000ad8                __bss_end__ = _ebss

._user_heap_stack
                0x20000ad8      0x400 load address 0x0800568c
                0x20000ad8                . = ALIGN (0x8)
                0x20000ad8                PROVIDE (end = .)
                [!provide]                PROVIDE (_end = .)
                0x20000ad8                . = (. + _Min_Heap_Size)
                0x20000ed8                . = (. + _Min_Stack_Size)
 *fill*         0x20000ad8      0x400 
                0x20000ed8                . = ALIGN (0x8)

/DISCARD/
 libc.a(*)
 libm.a(*)
 libgcc.a(*)

.ARM.attributes
                0x00000000       0x28
 *(.ARM.attributes)
 .ARM.attributes
                0x00000000       0x1e c:/ac6/systemworkbench/plugins/fr.ac6.mcu.externaltools.arm-none.win32_1.17.0.201812190825/tools/compiler/bin/../lib/gcc/arm-none-eabi/7.3.1/thumb/v6-m/crti.o
 .ARM.attributes
                0x0000001e       0x2c c:/ac6/systemworkbench/plugins/fr.ac6.mcu.externaltools.arm-none.win32_1.17.0.201812190825/tools/compiler/bin/../lib/gcc/arm-none-eabi/7.3.1/thumb/v6-m/crtbegin.o
 .ARM.attributes
                0x0000004a       0x31 src/main.o
 .ARM.attributes
                0x0000007b       0x31 src/system_stm32f0xx.o
 .ARM.attributes
                0x000000ac       0x21 startup/startup_stm32.o
 .ARM.attributes
                0x000000cd       0x31 D:/School/ECE 36200/workspace/Lab9/src/autotest.o
 .ARM.attributes
                0x000000fe       0x1e c:/ac6/systemworkbench/plugins/fr.ac6.mcu.externaltools.arm-none.win32_1.17.0.201812190825/tools/compiler/bin/../lib/gcc/arm-none-eabi/7.3.1/thumb/v6-m\libgcc.a(_divsi3.o)
 .ARM.attributes
                0x0000011c       0x1e c:/ac6/systemworkbench/plugins/fr.ac6.mcu.externaltools.arm-none.win32_1.17.0.201812190825/tools/compiler/bin/../lib/gcc/arm-none-eabi/7.3.1/thumb/v6-m\libgcc.a(_dvmd_tls.o)
 .ARM.attributes
                0x0000013a       0x2c c:/ac6/systemworkbench/plugins/fr.ac6.mcu.externaltools.arm-none.win32_1.17.0.201812190825/tools/compiler/bin/../lib/gcc/arm-none-eabi/7.3.1/../../../../arm-none-eabi/lib/thumb/v6-m\libc.a(lib_a-impure.o)
 .ARM.attributes
                0x00000166       0x2c c:/ac6/systemworkbench/plugins/fr.ac6.mcu.externaltools.arm-none.win32_1.17.0.201812190825/tools/compiler/bin/../lib/gcc/arm-none-eabi/7.3.1/../../../../arm-none-eabi/lib/thumb/v6-m\libc.a(lib_a-init.o)
 .ARM.attributes
                0x00000192       0x2c c:/ac6/systemworkbench/plugins/fr.ac6.mcu.externaltools.arm-none.win32_1.17.0.201812190825/tools/compiler/bin/../lib/gcc/arm-none-eabi/7.3.1/../../../../arm-none-eabi/lib/thumb/v6-m\libc.a(lib_a-memcmp.o)
 .ARM.attributes
                0x000001be       0x2c c:/ac6/systemworkbench/plugins/fr.ac6.mcu.externaltools.arm-none.win32_1.17.0.201812190825/tools/compiler/bin/../lib/gcc/arm-none-eabi/7.3.1/../../../../arm-none-eabi/lib/thumb/v6-m\libc.a(lib_a-memcpy-stub.o)
 .ARM.attributes
                0x000001ea       0x2c c:/ac6/systemworkbench/plugins/fr.ac6.mcu.externaltools.arm-none.win32_1.17.0.201812190825/tools/compiler/bin/../lib/gcc/arm-none-eabi/7.3.1/../../../../arm-none-eabi/lib/thumb/v6-m\libc.a(lib_a-memset.o)
 .ARM.attributes
                0x00000216       0x2c c:/ac6/systemworkbench/plugins/fr.ac6.mcu.externaltools.arm-none.win32_1.17.0.201812190825/tools/compiler/bin/../lib/gcc/arm-none-eabi/7.3.1/../../../../arm-none-eabi/lib/thumb/v6-m\libc.a(lib_a-random.o)
 .ARM.attributes
                0x00000242       0x2c c:/ac6/systemworkbench/plugins/fr.ac6.mcu.externaltools.arm-none.win32_1.17.0.201812190825/tools/compiler/bin/../lib/gcc/arm-none-eabi/7.3.1/../../../../arm-none-eabi/lib/thumb/v6-m\libc.a(lib_a-strcat.o)
 .ARM.attributes
                0x0000026e       0x1b c:/ac6/systemworkbench/plugins/fr.ac6.mcu.externaltools.arm-none.win32_1.17.0.201812190825/tools/compiler/bin/../lib/gcc/arm-none-eabi/7.3.1/../../../../arm-none-eabi/lib/thumb/v6-m\libc.a(lib_a-strcmp.o)
 .ARM.attributes
                0x00000289       0x2c c:/ac6/systemworkbench/plugins/fr.ac6.mcu.externaltools.arm-none.win32_1.17.0.201812190825/tools/compiler/bin/../lib/gcc/arm-none-eabi/7.3.1/../../../../arm-none-eabi/lib/thumb/v6-m\libc.a(lib_a-strcpy.o)
 .ARM.attributes
                0x000002b5       0x2c c:/ac6/systemworkbench/plugins/fr.ac6.mcu.externaltools.arm-none.win32_1.17.0.201812190825/tools/compiler/bin/../lib/gcc/arm-none-eabi/7.3.1/../../../../arm-none-eabi/lib/thumb/v6-m\libc.a(lib_a-strlen-stub.o)
 .ARM.attributes
                0x000002e1       0x2c c:/ac6/systemworkbench/plugins/fr.ac6.mcu.externaltools.arm-none.win32_1.17.0.201812190825/tools/compiler/bin/../lib/gcc/arm-none-eabi/7.3.1/../../../../arm-none-eabi/lib/thumb/v6-m\libc.a(lib_a-strncpy.o)
 .ARM.attributes
                0x0000030d       0x2c c:/ac6/systemworkbench/plugins/fr.ac6.mcu.externaltools.arm-none.win32_1.17.0.201812190825/tools/compiler/bin/../lib/gcc/arm-none-eabi/7.3.1/../../../../arm-none-eabi/lib/thumb/v6-m\libc.a(lib_a-__call_atexit.o)
 .ARM.attributes
                0x00000339       0x2c c:/ac6/systemworkbench/plugins/fr.ac6.mcu.externaltools.arm-none.win32_1.17.0.201812190825/tools/compiler/bin/../lib/gcc/arm-none-eabi/7.3.1/../../../../arm-none-eabi/lib/thumb/v6-m\libc.a(lib_a-atexit.o)
 .ARM.attributes
                0x00000365       0x2c c:/ac6/systemworkbench/plugins/fr.ac6.mcu.externaltools.arm-none.win32_1.17.0.201812190825/tools/compiler/bin/../lib/gcc/arm-none-eabi/7.3.1/../../../../arm-none-eabi/lib/thumb/v6-m\libc.a(lib_a-fini.o)
 .ARM.attributes
                0x00000391       0x2c c:/ac6/systemworkbench/plugins/fr.ac6.mcu.externaltools.arm-none.win32_1.17.0.201812190825/tools/compiler/bin/../lib/gcc/arm-none-eabi/7.3.1/../../../../arm-none-eabi/lib/thumb/v6-m\libc.a(lib_a-lock.o)
 .ARM.attributes
                0x000003bd       0x2c c:/ac6/systemworkbench/plugins/fr.ac6.mcu.externaltools.arm-none.win32_1.17.0.201812190825/tools/compiler/bin/../lib/gcc/arm-none-eabi/7.3.1/../../../../arm-none-eabi/lib/thumb/v6-m\libc.a(lib_a-__atexit.o)
 .ARM.attributes
                0x000003e9       0x2c c:/ac6/systemworkbench/plugins/fr.ac6.mcu.externaltools.arm-none.win32_1.17.0.201812190825/tools/compiler/bin/../lib/gcc/arm-none-eabi/7.3.1/thumb/v6-m\libgcc.a(_muldi3.o)
 .ARM.attributes
                0x00000415       0x1e c:/ac6/systemworkbench/plugins/fr.ac6.mcu.externaltools.arm-none.win32_1.17.0.201812190825/tools/compiler/bin/../lib/gcc/arm-none-eabi/7.3.1/thumb/v6-m/crtn.o
OUTPUT(Lab9.elf elf32-littlearm)

.debug_info     0x00000000     0x12ec
 .debug_info    0x00000000      0xfc4 src/main.o
 .debug_info    0x00000fc4      0x306 src/system_stm32f0xx.o
 .debug_info    0x000012ca       0x22 startup/startup_stm32.o

.debug_abbrev   0x00000000      0x463
 .debug_abbrev  0x00000000      0x2f6 src/main.o
 .debug_abbrev  0x000002f6      0x15b src/system_stm32f0xx.o
 .debug_abbrev  0x00000451       0x12 startup/startup_stm32.o

.debug_aranges  0x00000000       0xe0
 .debug_aranges
                0x00000000       0x88 src/main.o
 .debug_aranges
                0x00000088       0x30 src/system_stm32f0xx.o
 .debug_aranges
                0x000000b8       0x28 startup/startup_stm32.o

.debug_ranges   0x00000000       0xe8
 .debug_ranges  0x00000000       0xa8 src/main.o
 .debug_ranges  0x000000a8       0x20 src/system_stm32f0xx.o
 .debug_ranges  0x000000c8       0x20 startup/startup_stm32.o

.debug_macro    0x00000000      0xc03
 .debug_macro   0x00000000      0x24a src/main.o
 .debug_macro   0x0000024a       0x5e src/main.o
 .debug_macro   0x000002a8       0x18 src/main.o
 .debug_macro   0x000002c0       0x35 src/main.o
 .debug_macro   0x000002f5       0x34 src/main.o
 .debug_macro   0x00000329      0x174 src/main.o
 .debug_macro   0x0000049d       0x58 src/main.o
 .debug_macro   0x000004f5       0x1f src/main.o
 .debug_macro   0x00000514       0x43 src/main.o
 .debug_macro   0x00000557       0x20 src/main.o
 .debug_macro   0x00000577      0x18e src/main.o
 .debug_macro   0x00000705      0x330 src/main.o
 .debug_macro   0x00000a35       0x10 src/main.o
 .debug_macro   0x00000a45       0x35 src/main.o
 .debug_macro   0x00000a7a      0x189 src/system_stm32f0xx.o

.debug_line     0x00000000      0xf03
 .debug_line    0x00000000      0x880 src/main.o
 .debug_line    0x00000880      0x607 src/system_stm32f0xx.o
 .debug_line    0x00000e87       0x7c startup/startup_stm32.o

.debug_str      0x00000000    0x4d8d2
 .debug_str     0x00000000    0x4d7f1 src/main.o
                              0x4da44 (size before relaxing)
 .debug_str     0x0004d7f1       0xb8 src/system_stm32f0xx.o
                              0x4aa8c (size before relaxing)
 .debug_str     0x0004d8a9       0x29 startup/startup_stm32.o
                                 0x52 (size before relaxing)

.comment        0x00000000       0x7f
 .comment       0x00000000       0x7f src/main.o
                                 0x80 (size before relaxing)
 .comment       0x0000007f       0x80 src/system_stm32f0xx.o
 .comment       0x0000007f       0x80 D:/School/ECE 36200/workspace/Lab9/src/autotest.o

.debug_frame    0x00000000      0x5d0
 .debug_frame   0x00000000      0x1c4 src/main.o
 .debug_frame   0x000001c4       0x6c src/system_stm32f0xx.o
 .debug_frame   0x00000230       0x20 c:/ac6/systemworkbench/plugins/fr.ac6.mcu.externaltools.arm-none.win32_1.17.0.201812190825/tools/compiler/bin/../lib/gcc/arm-none-eabi/7.3.1/thumb/v6-m\libgcc.a(_divsi3.o)
 .debug_frame   0x00000250       0x2c c:/ac6/systemworkbench/plugins/fr.ac6.mcu.externaltools.arm-none.win32_1.17.0.201812190825/tools/compiler/bin/../lib/gcc/arm-none-eabi/7.3.1/../../../../arm-none-eabi/lib/thumb/v6-m\libc.a(lib_a-init.o)
 .debug_frame   0x0000027c       0x2c c:/ac6/systemworkbench/plugins/fr.ac6.mcu.externaltools.arm-none.win32_1.17.0.201812190825/tools/compiler/bin/../lib/gcc/arm-none-eabi/7.3.1/../../../../arm-none-eabi/lib/thumb/v6-m\libc.a(lib_a-memcmp.o)
 .debug_frame   0x000002a8       0x30 c:/ac6/systemworkbench/plugins/fr.ac6.mcu.externaltools.arm-none.win32_1.17.0.201812190825/tools/compiler/bin/../lib/gcc/arm-none-eabi/7.3.1/../../../../arm-none-eabi/lib/thumb/v6-m\libc.a(lib_a-memcpy-stub.o)
 .debug_frame   0x000002d8       0x30 c:/ac6/systemworkbench/plugins/fr.ac6.mcu.externaltools.arm-none.win32_1.17.0.201812190825/tools/compiler/bin/../lib/gcc/arm-none-eabi/7.3.1/../../../../arm-none-eabi/lib/thumb/v6-m\libc.a(lib_a-memset.o)
 .debug_frame   0x00000308       0x38 c:/ac6/systemworkbench/plugins/fr.ac6.mcu.externaltools.arm-none.win32_1.17.0.201812190825/tools/compiler/bin/../lib/gcc/arm-none-eabi/7.3.1/../../../../arm-none-eabi/lib/thumb/v6-m\libc.a(lib_a-random.o)
 .debug_frame   0x00000340       0x2c c:/ac6/systemworkbench/plugins/fr.ac6.mcu.externaltools.arm-none.win32_1.17.0.201812190825/tools/compiler/bin/../lib/gcc/arm-none-eabi/7.3.1/../../../../arm-none-eabi/lib/thumb/v6-m\libc.a(lib_a-strcat.o)
 .debug_frame   0x0000036c       0x20 c:/ac6/systemworkbench/plugins/fr.ac6.mcu.externaltools.arm-none.win32_1.17.0.201812190825/tools/compiler/bin/../lib/gcc/arm-none-eabi/7.3.1/../../../../arm-none-eabi/lib/thumb/v6-m\libc.a(lib_a-strcmp.o)
 .debug_frame   0x0000038c       0x20 c:/ac6/systemworkbench/plugins/fr.ac6.mcu.externaltools.arm-none.win32_1.17.0.201812190825/tools/compiler/bin/../lib/gcc/arm-none-eabi/7.3.1/../../../../arm-none-eabi/lib/thumb/v6-m\libc.a(lib_a-strcpy.o)
 .debug_frame   0x000003ac       0x28 c:/ac6/systemworkbench/plugins/fr.ac6.mcu.externaltools.arm-none.win32_1.17.0.201812190825/tools/compiler/bin/../lib/gcc/arm-none-eabi/7.3.1/../../../../arm-none-eabi/lib/thumb/v6-m\libc.a(lib_a-strlen-stub.o)
 .debug_frame   0x000003d4       0x34 c:/ac6/systemworkbench/plugins/fr.ac6.mcu.externaltools.arm-none.win32_1.17.0.201812190825/tools/compiler/bin/../lib/gcc/arm-none-eabi/7.3.1/../../../../arm-none-eabi/lib/thumb/v6-m\libc.a(lib_a-strncpy.o)
 .debug_frame   0x00000408       0x54 c:/ac6/systemworkbench/plugins/fr.ac6.mcu.externaltools.arm-none.win32_1.17.0.201812190825/tools/compiler/bin/../lib/gcc/arm-none-eabi/7.3.1/../../../../arm-none-eabi/lib/thumb/v6-m\libc.a(lib_a-__call_atexit.o)
 .debug_frame   0x0000045c       0x28 c:/ac6/systemworkbench/plugins/fr.ac6.mcu.externaltools.arm-none.win32_1.17.0.201812190825/tools/compiler/bin/../lib/gcc/arm-none-eabi/7.3.1/../../../../arm-none-eabi/lib/thumb/v6-m\libc.a(lib_a-atexit.o)
 .debug_frame   0x00000484       0x2c c:/ac6/systemworkbench/plugins/fr.ac6.mcu.externaltools.arm-none.win32_1.17.0.201812190825/tools/compiler/bin/../lib/gcc/arm-none-eabi/7.3.1/../../../../arm-none-eabi/lib/thumb/v6-m\libc.a(lib_a-fini.o)
 .debug_frame   0x000004b0       0xb0 c:/ac6/systemworkbench/plugins/fr.ac6.mcu.externaltools.arm-none.win32_1.17.0.201812190825/tools/compiler/bin/../lib/gcc/arm-none-eabi/7.3.1/../../../../arm-none-eabi/lib/thumb/v6-m\libc.a(lib_a-lock.o)
 .debug_frame   0x00000560       0x3c c:/ac6/systemworkbench/plugins/fr.ac6.mcu.externaltools.arm-none.win32_1.17.0.201812190825/tools/compiler/bin/../lib/gcc/arm-none-eabi/7.3.1/../../../../arm-none-eabi/lib/thumb/v6-m\libc.a(lib_a-__atexit.o)
 .debug_frame   0x0000059c       0x34 c:/ac6/systemworkbench/plugins/fr.ac6.mcu.externaltools.arm-none.win32_1.17.0.201812190825/tools/compiler/bin/../lib/gcc/arm-none-eabi/7.3.1/thumb/v6-m\libgcc.a(_muldi3.o)
