21:05:21 **** Incremental Build of configuration Debug for project Lab11part2 ****
make -j8 all 
Building file: ../src/evileye.c
Invoking: MCU GCC Compiler
D:\School\ECE 36200\workspace\Lab11part2\Debug
arm-none-eabi-gcc -mcpu=cortex-m0 -mthumb -mfloat-abi=soft -DSTM32 -DSTM32F0 -DSTM32F091RCTx -DDEBUG -DSTM32F091 -DUSE_STDPERIPH_DRIVER -I"D:/School/ECE 36200/workspace/Lab11part2/StdPeriph_Driver/inc" -I"D:/School/ECE 36200/workspace/Lab11part2/inc" -I"D:/School/ECE 36200/workspace/Lab11part2/CMSIS/device" -I"D:/School/ECE 36200/workspace/Lab11part2/CMSIS/core" -O0 -g3 -Wall -fmessage-length=0 -ffunction-sections -c -MMD -MP -MF"src/evileye.d" -MT"src/evileye.o" -o "src/evileye.o" "../src/evileye.c"
Finished building: ../src/evileye.c
 
Building target: Lab11part2.elf
Invoking: MCU GCC Linker
arm-none-eabi-gcc -mcpu=cortex-m0 -mthumb -mfloat-abi=soft -T"D:/School/ECE 36200/workspace/Lab11part2/LinkerScript.ld" -Wl,-Map=output.map -Wl,--gc-sections -o "Lab11part2.elf" @"objects.list"   -lm
Finished building target: Lab11part2.elf
 
make --no-print-directory post-build
Generating binary and Printing size information:
arm-none-eabi-objcopy -O binary "Lab11part2.elf" "Lab11part2.bin"
arm-none-eabi-size "Lab11part2.elf"
   text	   data	    bss	    dec	    hex	filename
  56148	   2580	   3200	  61928	   f1e8	Lab11part2.elf
 
21:05:25 **** Incremental Build of configuration Debug for project Lab11part2 ****
make -j8 all 
make: Nothing to be done for 'all'.
21:06:59 **** Incremental Build of configuration Debug for project Lab11part2 ****
make -j8 all 
Building file: ../src/evileye.c
Invoking: MCU GCC Compiler
D:\School\ECE 36200\workspace\Lab11part2\Debug
arm-none-eabi-gcc -mcpu=cortex-m0 -mthumb -mfloat-abi=soft -DSTM32 -DSTM32F0 -DSTM32F091RCTx -DDEBUG -DSTM32F091 -DUSE_STDPERIPH_DRIVER -I"D:/School/ECE 36200/workspace/Lab11part2/StdPeriph_Driver/inc" -I"D:/School/ECE 36200/workspace/Lab11part2/inc" -I"D:/School/ECE 36200/workspace/Lab11part2/CMSIS/device" -I"D:/School/ECE 36200/workspace/Lab11part2/CMSIS/core" -O0 -g3 -Wall -fmessage-length=0 -ffunction-sections -c -MMD -MP -MF"src/evileye.d" -MT"src/evileye.o" -o "src/evileye.o" "../src/evileye.c"
Finished building: ../src/evileye.c
 
Building target: Lab11part2.elf
Invoking: MCU GCC Linker
arm-none-eabi-gcc -mcpu=cortex-m0 -mthumb -mfloat-abi=soft -T"D:/School/ECE 36200/workspace/Lab11part2/LinkerScript.ld" -Wl,-Map=output.map -Wl,--gc-sections -o "Lab11part2.elf" @"objects.list"   -lm
Finished building target: Lab11part2.elf
 
make --no-print-directory post-build
Generating binary and Printing size information:
arm-none-eabi-objcopy -O binary "Lab11part2.elf" "Lab11part2.bin"
arm-none-eabi-size "Lab11part2.elf"
   text	   data	    bss	    dec	    hex	filename
  56148	   2580	   3200	  61928	   f1e8	Lab11part2.elf
 
21:08:01 **** Incremental Build of configuration Debug for project Lab11part2 ****
make -j8 all 
make: Nothing to be done for 'all'.
21:12:25 **** Incremental Build of configuration Debug for project Lab11part2 ****
make -j8 all 
Building file: ../src/evileye.c
Invoking: MCU GCC Compiler
D:\School\ECE 36200\workspace\Lab11part2\Debug
arm-none-eabi-gcc -mcpu=cortex-m0 -mthumb -mfloat-abi=soft -DSTM32 -DSTM32F0 -DSTM32F091RCTx -DDEBUG -DSTM32F091 -DUSE_STDPERIPH_DRIVER -I"D:/School/ECE 36200/workspace/Lab11part2/StdPeriph_Driver/inc" -I"D:/School/ECE 36200/workspace/Lab11part2/inc" -I"D:/School/ECE 36200/workspace/Lab11part2/CMSIS/device" -I"D:/School/ECE 36200/workspace/Lab11part2/CMSIS/core" -O0 -g3 -Wall -fmessage-length=0 -ffunction-sections -c -MMD -MP -MF"src/evileye.d" -MT"src/evileye.o" -o "src/evileye.o" "../src/evileye.c"
Finished building: ../src/evileye.c
 
Building target: Lab11part2.elf
Invoking: MCU GCC Linker
arm-none-eabi-gcc -mcpu=cortex-m0 -mthumb -mfloat-abi=soft -T"D:/School/ECE 36200/workspace/Lab11part2/LinkerScript.ld" -Wl,-Map=output.map -Wl,--gc-sections -o "Lab11part2.elf" @"objects.list"   -lm
Finished building target: Lab11part2.elf
 
make --no-print-directory post-build
Generating binary and Printing size information:
arm-none-eabi-objcopy -O binary "Lab11part2.elf" "Lab11part2.bin"
arm-none-eabi-size "Lab11part2.elf"
   text	   data	    bss	    dec	    hex	filename
  56148	   2580	   3200	  61928	   f1e8	Lab11part2.elf
 
21:16:15 **** Incremental Build of configuration Debug for project Lab11part2 ****
make -j8 all 
Building file: ../src/evileye.c
Invoking: MCU GCC Compiler
D:\School\ECE 36200\workspace\Lab11part2\Debug
arm-none-eabi-gcc -mcpu=cortex-m0 -mthumb -mfloat-abi=soft -DSTM32 -DSTM32F0 -DSTM32F091RCTx -DDEBUG -DSTM32F091 -DUSE_STDPERIPH_DRIVER -I"D:/School/ECE 36200/workspace/Lab11part2/StdPeriph_Driver/inc" -I"D:/School/ECE 36200/workspace/Lab11part2/inc" -I"D:/School/ECE 36200/workspace/Lab11part2/CMSIS/device" -I"D:/School/ECE 36200/workspace/Lab11part2/CMSIS/core" -O0 -g3 -Wall -fmessage-length=0 -ffunction-sections -c -MMD -MP -MF"src/evileye.d" -MT"src/evileye.o" -o "src/evileye.o" "../src/evileye.c"
Finished building: ../src/evileye.c
 
Building target: Lab11part2.elf
Invoking: MCU GCC Linker
arm-none-eabi-gcc -mcpu=cortex-m0 -mthumb -mfloat-abi=soft -T"D:/School/ECE 36200/workspace/Lab11part2/LinkerScript.ld" -Wl,-Map=output.map -Wl,--gc-sections -o "Lab11part2.elf" @"objects.list"   -lm
Finished building target: Lab11part2.elf
 
make --no-print-directory post-build
Generating binary and Printing size information:
arm-none-eabi-objcopy -O binary "Lab11part2.elf" "Lab11part2.bin"
arm-none-eabi-size "Lab11part2.elf"
   text	   data	    bss	    dec	    hex	filename
  56140	   2580	   3200	  61920	   f1e0	Lab11part2.elf
 
21:16:28 **** Incremental Build of configuration Debug for project Lab11part2 ****
make -j8 all 
make: Nothing to be done for 'all'.
15:02:06 **** Incremental Build of configuration Debug for project Lab11part2 ****
make -j8 all 
Building file: ../src/evileye.c
Invoking: MCU GCC Compiler
D:\School\ECE 36200\workspace\Lab11part2\Debug
arm-none-eabi-gcc -mcpu=cortex-m0 -mthumb -mfloat-abi=soft -DSTM32 -DSTM32F0 -DSTM32F091RCTx -DDEBUG -DSTM32F091 -DUSE_STDPERIPH_DRIVER -I"D:/School/ECE 36200/workspace/Lab11part2/StdPeriph_Driver/inc" -I"D:/School/ECE 36200/workspace/Lab11part2/inc" -I"D:/School/ECE 36200/workspace/Lab11part2/CMSIS/device" -I"D:/School/ECE 36200/workspace/Lab11part2/CMSIS/core" -O0 -g3 -Wall -fmessage-length=0 -ffunction-sections -c -MMD -MP -MF"src/evileye.d" -MT"src/evileye.o" -o "src/evileye.o" "../src/evileye.c"
Finished building: ../src/evileye.c
 
Building target: Lab11part2.elf
Invoking: MCU GCC Linker
arm-none-eabi-gcc -mcpu=cortex-m0 -mthumb -mfloat-abi=soft -T"D:/School/ECE 36200/workspace/Lab11part2/LinkerScript.ld" -Wl,-Map=output.map -Wl,--gc-sections -o "Lab11part2.elf" @"objects.list"   -lm
Finished building target: Lab11part2.elf
 
make --no-print-directory post-build
Generating binary and Printing size information:
arm-none-eabi-objcopy -O binary "Lab11part2.elf" "Lab11part2.bin"
arm-none-eabi-size "Lab11part2.elf"
   text	   data	    bss	    dec	    hex	filename
  56148	   2580	   3200	  61928	   f1e8	Lab11part2.elf
 
