12:13:16 **** Incremental Build of configuration Debug for project Lab11part1 ****
make -j8 all 
Building file: ../src/bounce.c
Invoking: MCU GCC Compiler
D:\School\ECE 36200\workspace\Lab11part1\Debug
arm-none-eabi-gcc -mcpu=cortex-m0 -mthumb -mfloat-abi=soft -DSTM32 -DSTM32F0 -DSTM32F091RCTx -DDEBUG -DSTM32F091 -DUSE_STDPERIPH_DRIVER -I"D:/School/ECE 36200/workspace/Lab11part1/StdPeriph_Driver/inc" -I"D:/School/ECE 36200/workspace/Lab11part1/inc" -I"D:/School/ECE 36200/workspace/Lab11part1/CMSIS/device" -I"D:/School/ECE 36200/workspace/Lab11part1/CMSIS/core" -O0 -g3 -Wall -fmessage-length=0 -ffunction-sections -c -MMD -MP -MF"src/bounce.d" -MT"src/bounce.o" -o "src/bounce.o" "../src/bounce.c"
Finished building: ../src/bounce.c
 
Building target: Lab11part1.elf
Invoking: MCU GCC Linker
arm-none-eabi-gcc -mcpu=cortex-m0 -mthumb -mfloat-abi=soft -T"D:/School/ECE 36200/workspace/Lab11part1/LinkerScript.ld" -Wl,-Map=output.map -Wl,--gc-sections -o "Lab11part1.elf" @"objects.list"   -lm
Finished building target: Lab11part1.elf
 
make --no-print-directory post-build
Generating binary and Printing size information:
arm-none-eabi-objcopy -O binary "Lab11part1.elf" "Lab11part1.bin"
arm-none-eabi-size "Lab11part1.elf"
   text	   data	    bss	    dec	    hex	filename
 160968	   2792	   1148	 164908	  2842c	Lab11part1.elf
 

12:13:18 Build Finished (took 1s.693ms)

