22:18:52 **** Incremental Build of configuration Debug for project Midterm stuff ****
make -j8 all 
Building file: ../src/main.s
Invoking: MCU GCC Assembler
D:\School\ECE 36200\workspace\Midterm stuff\Debug
arm-none-eabi-as -mcpu=cortex-m0 -mthumb -mfloat-abi=soft -I"D:/School/ECE 36200/workspace/Midterm stuff/StdPeriph_Driver/inc" -I"D:/School/ECE 36200/workspace/Midterm stuff/inc" -I"D:/School/ECE 36200/workspace/Midterm stuff/CMSIS/device" -I"D:/School/ECE 36200/workspace/Midterm stuff/CMSIS/core" -g -o "src/main.o" "../src/main.s"
Finished building: ../src/main.s
 
Building target: Midterm stuff.elf
Invoking: MCU GCC Linker
arm-none-eabi-gcc -mcpu=cortex-m0 -mthumb -mfloat-abi=soft -T"D:/School/ECE 36200/workspace/Midterm stuff/LinkerScript.ld" -Wl,-Map=output.map -Wl,--gc-sections -o "Midterm stuff.elf" @"objects.list"   -lm
Finished building target: Midterm stuff.elf
 
make --no-print-directory post-build
Generating binary and Printing size information:
arm-none-eabi-objcopy -O binary "Midterm stuff.elf" "Midterm stuff.bin"
arm-none-eabi-size "Midterm stuff.elf"
   text	   data	    bss	    dec	    hex	filename
   1432	   1080	   1092	   3604	    e14	Midterm stuff.elf
 

22:18:53 Build Finished (took 1s.440ms)

