07:06:06 **** Incremental Build of configuration Debug for project Testfile ****
make -j8 all 
Building file: ../src/testfile.s
Invoking: MCU GCC Assembler
D:\School\ECE 36200\workspace\Testfile\Debug
arm-none-eabi-as -mcpu=cortex-m0 -mthumb -mfloat-abi=soft -I"D:/School/ECE 36200/workspace/Testfile/StdPeriph_Driver/inc" -I"D:/School/ECE 36200/workspace/Testfile/inc" -I"D:/School/ECE 36200/workspace/Testfile/CMSIS/device" -I"D:/School/ECE 36200/workspace/Testfile/CMSIS/core" -g -o "src/testfile.o" "../src/testfile.s"
Finished building: ../src/testfile.s
 
Building target: Testfile.elf
Invoking: MCU GCC Linker
arm-none-eabi-gcc -mcpu=cortex-m0 -mthumb -mfloat-abi=soft -T"D:/School/ECE 36200/workspace/Testfile/LinkerScript.ld" -Wl,-Map=output.map -Wl,--gc-sections -o "Testfile.elf" @"objects.list"   -lm
Finished building target: Testfile.elf
 
make --no-print-directory post-build
Generating binary and Printing size information:
arm-none-eabi-objcopy -O binary "Testfile.elf" "Testfile.bin"
arm-none-eabi-size "Testfile.elf"
   text	   data	    bss	    dec	    hex	filename
  32440	   2500	   1152	  36092	   8cfc	Testfile.elf
 

07:06:07 Build Finished (took 1s.623ms)

