Archive member included to satisfy reference by file (symbol)

c:/ac6/systemworkbench/plugins/fr.ac6.mcu.externaltools.arm-none.win32_1.17.0.201812190825/tools/compiler/bin/../lib/gcc/arm-none-eabi/7.3.1/thumb/v6-m\libgcc.a(_udivsi3.o)
                              StdPeriph_Driver/src/stm32f0xx_rcc.o (__aeabi_uidiv)
c:/ac6/systemworkbench/plugins/fr.ac6.mcu.externaltools.arm-none.win32_1.17.0.201812190825/tools/compiler/bin/../lib/gcc/arm-none-eabi/7.3.1/thumb/v6-m\libgcc.a(_divsi3.o)
                              D:/School/ECE 36200/workspace/Lab3/src/autotest.o (__aeabi_idiv)
c:/ac6/systemworkbench/plugins/fr.ac6.mcu.externaltools.arm-none.win32_1.17.0.201812190825/tools/compiler/bin/../lib/gcc/arm-none-eabi/7.3.1/thumb/v6-m\libgcc.a(_dvmd_tls.o)
                              c:/ac6/systemworkbench/plugins/fr.ac6.mcu.externaltools.arm-none.win32_1.17.0.201812190825/tools/compiler/bin/../lib/gcc/arm-none-eabi/7.3.1/thumb/v6-m\libgcc.a(_udivsi3.o) (__aeabi_idiv0)
c:/ac6/systemworkbench/plugins/fr.ac6.mcu.externaltools.arm-none.win32_1.17.0.201812190825/tools/compiler/bin/../lib/gcc/arm-none-eabi/7.3.1/../../../../arm-none-eabi/lib/thumb/v6-m\libc.a(lib_a-errno.o)
                              src/syscalls.o (__errno)
c:/ac6/systemworkbench/plugins/fr.ac6.mcu.externaltools.arm-none.win32_1.17.0.201812190825/tools/compiler/bin/../lib/gcc/arm-none-eabi/7.3.1/../../../../arm-none-eabi/lib/thumb/v6-m\libc.a(lib_a-exit.o)
                              c:/ac6/systemworkbench/plugins/fr.ac6.mcu.externaltools.arm-none.win32_1.17.0.201812190825/tools/compiler/bin/../lib/gcc/arm-none-eabi/7.3.1/../../../../arm-none-eabi/lib/thumb/v6-m/crt0.o (exit)
c:/ac6/systemworkbench/plugins/fr.ac6.mcu.externaltools.arm-none.win32_1.17.0.201812190825/tools/compiler/bin/../lib/gcc/arm-none-eabi/7.3.1/../../../../arm-none-eabi/lib/thumb/v6-m\libc.a(lib_a-impure.o)
                              c:/ac6/systemworkbench/plugins/fr.ac6.mcu.externaltools.arm-none.win32_1.17.0.201812190825/tools/compiler/bin/../lib/gcc/arm-none-eabi/7.3.1/../../../../arm-none-eabi/lib/thumb/v6-m\libc.a(lib_a-exit.o) (_global_impure_ptr)
c:/ac6/systemworkbench/plugins/fr.ac6.mcu.externaltools.arm-none.win32_1.17.0.201812190825/tools/compiler/bin/../lib/gcc/arm-none-eabi/7.3.1/../../../../arm-none-eabi/lib/thumb/v6-m\libc.a(lib_a-init.o)
                              c:/ac6/systemworkbench/plugins/fr.ac6.mcu.externaltools.arm-none.win32_1.17.0.201812190825/tools/compiler/bin/../lib/gcc/arm-none-eabi/7.3.1/../../../../arm-none-eabi/lib/thumb/v6-m/crt0.o (__libc_init_array)
c:/ac6/systemworkbench/plugins/fr.ac6.mcu.externaltools.arm-none.win32_1.17.0.201812190825/tools/compiler/bin/../lib/gcc/arm-none-eabi/7.3.1/../../../../arm-none-eabi/lib/thumb/v6-m\libc.a(lib_a-memcpy-stub.o)
                              D:/School/ECE 36200/workspace/Lab3/src/autotest.o (memcpy)
c:/ac6/systemworkbench/plugins/fr.ac6.mcu.externaltools.arm-none.win32_1.17.0.201812190825/tools/compiler/bin/../lib/gcc/arm-none-eabi/7.3.1/../../../../arm-none-eabi/lib/thumb/v6-m\libc.a(lib_a-memset.o)
                              c:/ac6/systemworkbench/plugins/fr.ac6.mcu.externaltools.arm-none.win32_1.17.0.201812190825/tools/compiler/bin/../lib/gcc/arm-none-eabi/7.3.1/../../../../arm-none-eabi/lib/thumb/v6-m/crt0.o (memset)
c:/ac6/systemworkbench/plugins/fr.ac6.mcu.externaltools.arm-none.win32_1.17.0.201812190825/tools/compiler/bin/../lib/gcc/arm-none-eabi/7.3.1/../../../../arm-none-eabi/lib/thumb/v6-m\libc.a(lib_a-random.o)
                              D:/School/ECE 36200/workspace/Lab3/src/autotest.o (srandom)
c:/ac6/systemworkbench/plugins/fr.ac6.mcu.externaltools.arm-none.win32_1.17.0.201812190825/tools/compiler/bin/../lib/gcc/arm-none-eabi/7.3.1/../../../../arm-none-eabi/lib/thumb/v6-m\libc.a(lib_a-strcat.o)
                              D:/School/ECE 36200/workspace/Lab3/src/autotest.o (strcat)
c:/ac6/systemworkbench/plugins/fr.ac6.mcu.externaltools.arm-none.win32_1.17.0.201812190825/tools/compiler/bin/../lib/gcc/arm-none-eabi/7.3.1/../../../../arm-none-eabi/lib/thumb/v6-m\libc.a(lib_a-strcmp.o)
                              D:/School/ECE 36200/workspace/Lab3/src/autotest.o (strcmp)
c:/ac6/systemworkbench/plugins/fr.ac6.mcu.externaltools.arm-none.win32_1.17.0.201812190825/tools/compiler/bin/../lib/gcc/arm-none-eabi/7.3.1/../../../../arm-none-eabi/lib/thumb/v6-m\libc.a(lib_a-strcpy.o)
                              c:/ac6/systemworkbench/plugins/fr.ac6.mcu.externaltools.arm-none.win32_1.17.0.201812190825/tools/compiler/bin/../lib/gcc/arm-none-eabi/7.3.1/../../../../arm-none-eabi/lib/thumb/v6-m\libc.a(lib_a-strcat.o) (strcpy)
c:/ac6/systemworkbench/plugins/fr.ac6.mcu.externaltools.arm-none.win32_1.17.0.201812190825/tools/compiler/bin/../lib/gcc/arm-none-eabi/7.3.1/../../../../arm-none-eabi/lib/thumb/v6-m\libc.a(lib_a-strlen-stub.o)
                              D:/School/ECE 36200/workspace/Lab3/src/autotest.o (strlen)
[...]
Memory Configuration

Name             Origin             Length             Attributes
RAM              0x20000000         0x00008000         xrw
ROM              0x08000000         0x00040000         xr
*default*        0x00000000         0xffffffff

Linker script and memory map

LOAD c:/ac6/systemworkbench/plugins/fr.ac6.mcu.externaltools.arm-none.win32_1.17.0.201812190825/tools/compiler/bin/../lib/gcc/arm-none-eabi/7.3.1/thumb/v6-m/crti.o
LOAD c:/ac6/systemworkbench/plugins/fr.ac6.mcu.externaltools.arm-none.win32_1.17.0.201812190825/tools/compiler/bin/../lib/gcc/arm-none-eabi/7.3.1/thumb/v6-m/crtbegin.o
LOAD c:/ac6/systemworkbench/plugins/fr.ac6.mcu.externaltools.arm-none.win32_1.17.0.201812190825/tools/compiler/bin/../lib/gcc/arm-none-eabi/7.3.1/../../../../arm-none-eabi/lib/thumb/v6-m/crt0.o
LOAD StdPeriph_Driver/src/stm32f0xx_adc.o
LOAD StdPeriph_Driver/src/stm32f0xx_can.o
LOAD StdPeriph_Driver/src/stm32f0xx_cec.o
LOAD StdPeriph_Driver/src/stm32f0xx_comp.o
LOAD StdPeriph_Driver/src/stm32f0xx_crc.o
LOAD StdPeriph_Driver/src/stm32f0xx_crs.o
LOAD StdPeriph_Driver/src/stm32f0xx_dac.o
LOAD StdPeriph_Driver/src/stm32f0xx_dbgmcu.o
LOAD StdPeriph_Driver/src/stm32f0xx_dma.o
LOAD StdPeriph_Driver/src/stm32f0xx_exti.o
LOAD StdPeriph_Driver/src/stm32f0xx_flash.o
LOAD StdPeriph_Driver/src/stm32f0xx_gpio.o
LOAD StdPeriph_Driver/src/stm32f0xx_i2c.o
LOAD StdPeriph_Driver/src/stm32f0xx_iwdg.o
LOAD StdPeriph_Driver/src/stm32f0xx_misc.o
LOAD StdPeriph_Driver/src/stm32f0xx_pwr.o
LOAD StdPeriph_Driver/src/stm32f0xx_rcc.o
LOAD StdPeriph_Driver/src/stm32f0xx_rtc.o
LOAD StdPeriph_Driver/src/stm32f0xx_spi.o
LOAD StdPeriph_Driver/src/stm32f0xx_syscfg.o
LOAD StdPeriph_Driver/src/stm32f0xx_tim.o
LOAD StdPeriph_Driver/src/stm32f0xx_usart.o
LOAD StdPeriph_Driver/src/stm32f0xx_wwdg.o
LOAD src/main.o
LOAD src/syscalls.o
LOAD src/system_stm32f0xx.o
LOAD startup/startup_stm32.o
LOAD D:/School/ECE 36200/workspace/Lab3/src/autotest.o
LOAD c:/ac6/systemworkbench/plugins/fr.ac6.mcu.externaltools.arm-none.win32_1.17.0.201812190825/tools/compiler/bin/../lib/gcc/arm-none-eabi/7.3.1/../../../../arm-none-eabi/lib/thumb/v6-m\libm.a
START GROUP
LOAD c:/ac6/systemworkbench/plugins/fr.ac6.mcu.externaltools.arm-none.win32_1.17.0.201812190825/tools/compiler/bin/../lib/gcc/arm-none-eabi/7.3.1/thumb/v6-m\libgcc.a
LOAD c:/ac6/systemworkbench/plugins/fr.ac6.mcu.externaltools.arm-none.win32_1.17.0.201812190825/tools/compiler/bin/../lib/gcc/arm-none-eabi/7.3.1/../../../../arm-none-eabi/lib/thumb/v6-m\libc.a
END GROUP
LOAD c:/ac6/systemworkbench/plugins/fr.ac6.mcu.externaltools.arm-none.win32_1.17.0.201812190825/tools/compiler/bin/../lib/gcc/arm-none-eabi/7.3.1/thumb/v6-m/crtend.o
LOAD c:/ac6/systemworkbench/plugins/fr.ac6.mcu.externaltools.arm-none.win32_1.17.0.201812190825/tools/compiler/bin/../lib/gcc/arm-none-eabi/7.3.1/thumb/v6-m/crtn.o
                0x20008000                _estack = 0x20008000
                0x00000000                _Min_Heap_Size = 0x0
                0x00000400                _Min_Stack_Size = 0x400

.isr_vector     0x08000000       0xc0
                0x08000000                . = ALIGN (0x4)
 *(.isr_vector)
 .isr_vector    0x08000000       0xc0 startup/startup_stm32.o
                0x08000000                g_pfnVectors
                0x080000c0                . = ALIGN (0x4)

.text           0x080000c0     0x4798
                0x080000c0                . = ALIGN (0x4)
 *(.text)
 .text          0x080000c0       0x48 c:/ac6/systemworkbench/plugins/fr.ac6.mcu.externaltools.arm-none.win32_1.17.0.201812190825/tools/compiler/bin/../lib/gcc/arm-none-eabi/7.3.1/thumb/v6-m/crtbegin.o
 .text          0x08000108      0x244 src/main.o
                0x08000108                micro_wait
                0x0800011a                enable_ports
                0x08000130                port_c_output
                0x08000142                port_b_input
                0x08000154                setpin
                0x08000166                clrpin
                0x08000178                getpin
                0x0800018a                seq_leds
                0x080001b8                detect_buttons
                0x080001fc                enable_port_a
                0x0800020e                port_a_input
                0x0800022a                port_b_input2
                0x08000244                port_c_output2
                0x08000256                seq_leds2
                0x08000288                detect_buttons2
                0x080002cc                login
                0x080002d4                main
 .text          0x0800034c      0x1d4 c:/ac6/systemworkbench/plugins/fr.ac6.mcu.externaltools.arm-none.win32_1.17.0.201812190825/tools/compiler/bin/../lib/gcc/arm-none-eabi/7.3.1/thumb/v6-m\libgcc.a(_divsi3.o)
                0x0800034c                __divsi3
                0x0800034c                __aeabi_idiv
                0x08000518                __aeabi_idivmod
 .text          0x08000520        0x4 c:/ac6/systemworkbench/plugins/fr.ac6.mcu.externaltools.arm-none.win32_1.17.0.201812190825/tools/compiler/bin/../lib/gcc/arm-none-eabi/7.3.1/thumb/v6-m\libgcc.a(_dvmd_tls.o)
                0x08000520                __aeabi_idiv0
                0x08000520                __aeabi_ldiv0
 .text          0x08000524       0x88 c:/ac6/systemworkbench/plugins/fr.ac6.mcu.externaltools.arm-none.win32_1.17.0.201812190825/tools/compiler/bin/../lib/gcc/arm-none-eabi/7.3.1/../../../../arm-none-eabi/lib/thumb/v6-m\libc.a(lib_a-strcmp.o)
                0x08000524                strcmp
 *(.text*)
 .text.SystemInit
                0x080005ac       0x8c src/system_stm32f0xx.o
                0x080005ac                SystemInit
 .text.SetSysClock
                0x08000638       0xe0 src/system_stm32f0xx.o
 .text.Reset_Handler
                0x08000718       0x50 startup/startup_stm32.o
                0x08000718                Reset_Handler
 .text.Default_Handler
                0x08000768        0x2 startup/startup_stm32.o
                0x08000768                DMA1_CH4_5_6_7_DMA2_CH3_4_5_IRQHandler
                0x08000768                TIM1_CC_IRQHandler
                0x08000768                TSC_IRQHandler
                0x08000768                HardFault_Handler
                0x08000768                PVD_IRQHandler
                0x08000768                PendSV_Handler
                0x08000768                NMI_Handler
                0x08000768                I2C1_IRQHandler
                0x08000768                RCC_CRS_IRQHandler
                0x08000768                SPI1_IRQHandler
                0x08000768                TIM6_DAC_IRQHandler
                0x08000768                EXTI2_3_IRQHandler
                0x08000768                I2C2_IRQHandler
                0x08000768                TIM17_IRQHandler
                0x08000768                CEC_CAN_IRQHandler
                0x08000768                RTC_IRQHandler
                0x08000768                TIM16_IRQHandler
                0x08000768                TIM3_IRQHandler
                0x08000768                EXTI4_15_IRQHandler
                0x08000768                Default_Handler
                0x08000768                DMA1_CH2_3_DMA2_CH1_2_IRQHandler
                0x08000768                TIM14_IRQHandler
                0x08000768                TIM7_IRQHandler
                0x08000768                TIM15_IRQHandler
                0x08000768                EXTI0_1_IRQHandler
                0x08000768                USB_IRQHandler
                0x08000768                SPI2_IRQHandler
                0x08000768                DMA1_CH1_IRQHandler
                0x08000768                SVC_Handler
                0x08000768                WWDG_IRQHandler
                0x08000768                TIM2_IRQHandler
                0x08000768                ADC_COMP_IRQHandler
                0x08000768                USART2_IRQHandler
                0x08000768                USART3_4_5_6_7_8_IRQHandler
                0x08000768                FLASH_IRQHandler
                0x08000768                USART1_IRQHandler
                0x08000768                TIM1_BRK_UP_TRG_COM_IRQHandler
 .text.num_lsl  0x0800076a      0x14e D:/School/ECE 36200/workspace/Lab3/src/autotest.o
 .text.num_lsr  0x080008b8       0xee D:/School/ECE 36200/workspace/Lab3/src/autotest.o
 .text.num_init
                0x080009a6       0x4a D:/School/ECE 36200/workspace/Lab3/src/autotest.o
 .text.num_init_int
                0x080009f0       0x26 D:/School/ECE 36200/workspace/Lab3/src/autotest.o
 .text.num_init_mem
                0x08000a16       0x5c D:/School/ECE 36200/workspace/Lab3/src/autotest.o
 .text.num_init_str
                0x08000a72      0x122 D:/School/ECE 36200/workspace/Lab3/src/autotest.o
 .text.num_copy
                0x08000b94       0x5e D:/School/ECE 36200/workspace/Lab3/src/autotest.o
 .text.num_assign
                0x08000bf2       0x5e D:/School/ECE 36200/workspace/Lab3/src/autotest.o
 .text.num_bitsize
                0x08000c50       0xc4 D:/School/ECE 36200/workspace/Lab3/src/autotest.o
 .text.num_add  0x08000d14      0x1d0 D:/School/ECE 36200/workspace/Lab3/src/autotest.o
 .text.num_inverse
                0x08000ee4       0x52 D:/School/ECE 36200/workspace/Lab3/src/autotest.o
 .text.num_sub  0x08000f36      0x25c D:/School/ECE 36200/workspace/Lab3/src/autotest.o
 .text.num_is_positive
                0x08001192       0x2a D:/School/ECE 36200/workspace/Lab3/src/autotest.o
 .text.num_is_greater
                0x080011bc       0xc4 D:/School/ECE 36200/workspace/Lab3/src/autotest.o
 .text.num_mul  0x08001280      0x186 D:/School/ECE 36200/workspace/Lab3/src/autotest.o
 .text.num_is_zero
                0x08001406       0x3e D:/School/ECE 36200/workspace/Lab3/src/autotest.o
 .text.num_is_odd
                0x08001444       0x20 D:/School/ECE 36200/workspace/Lab3/src/autotest.o
 .text.num_div  0x08001464      0x4ba D:/School/ECE 36200/workspace/Lab3/src/autotest.o
 *fill*         0x0800191e        0x2 
 .text.num_powmod
                0x08001920      0x23c D:/School/ECE 36200/workspace/Lab3/src/autotest.o
 .text.nano_wait
                0x08001b5c       0x18 D:/School/ECE 36200/workspace/Lab3/src/autotest.o
 .text.milli_wait
                0x08001b74       0x38 D:/School/ECE 36200/workspace/Lab3/src/autotest.o
 .text.usleep   0x08001bac       0x54 D:/School/ECE 36200/workspace/Lab3/src/autotest.o
 .text.cmd      0x08001c00       0x34 D:/School/ECE 36200/workspace/Lab3/src/autotest.o
 .text.data     0x08001c34       0x40 D:/School/ECE 36200/workspace/Lab3/src/autotest.o
 .text.init_lcd
                0x08001c74      0x104 D:/School/ECE 36200/workspace/Lab3/src/autotest.o
 .text.uninit_lcd
                0x08001d78       0x34 D:/School/ECE 36200/workspace/Lab3/src/autotest.o
 .text.display1
                0x08001dac       0x5a D:/School/ECE 36200/workspace/Lab3/src/autotest.o
 .text.display2
                0x08001e06       0x5a D:/School/ECE 36200/workspace/Lab3/src/autotest.o
 .text.scroll2  0x08001e60       0xdc D:/School/ECE 36200/workspace/Lab3/src/autotest.o
 .text.init_pa0
                0x08001f3c       0x3c D:/School/ECE 36200/workspace/Lab3/src/autotest.o
 .text.wait_pa0_release
                0x08001f78       0x58 D:/School/ECE 36200/workspace/Lab3/src/autotest.o
 .text.wait_pa0_press
                0x08001fd0       0x58 D:/School/ECE 36200/workspace/Lab3/src/autotest.o
 .text.spin     0x08002028        0xe D:/School/ECE 36200/workspace/Lab3/src/autotest.o
 *fill*         0x08002036        0x2 
 .text.check_cpu
                0x08002038       0x48 D:/School/ECE 36200/workspace/Lab3/src/autotest.o
 .text.check_mem
                0x08002080       0x48 D:/School/ECE 36200/workspace/Lab3/src/autotest.o
 .text.check_clock
                0x080020c8       0xe4 D:/School/ECE 36200/workspace/Lab3/src/autotest.o
 .text.get_ent  0x080021ac      0x138 D:/School/ECE 36200/workspace/Lab3/src/autotest.o
 .text.encode   0x080022e4       0x8c D:/School/ECE 36200/workspace/Lab3/src/autotest.o
 .text.inform   0x08002370      0x2f4 D:/School/ECE 36200/workspace/Lab3/src/autotest.o
 .text.checkregs
                0x08002664       0x5e D:/School/ECE 36200/workspace/Lab3/src/autotest.o
 .text.myabs    0x080026c2       0x1e D:/School/ECE 36200/workspace/Lab3/src/autotest.o
 .text.check_function_spacing
                0x080026e0       0xe4 D:/School/ECE 36200/workspace/Lab3/src/autotest.o
 .text.check_enable_ports
                0x080027c4      0x1b8 D:/School/ECE 36200/workspace/Lab3/src/autotest.o
 .text.check_port_c_output
                0x0800297c       0xf4 D:/School/ECE 36200/workspace/Lab3/src/autotest.o
 .text.check_port_b_input
                0x08002a70      0x100 D:/School/ECE 36200/workspace/Lab3/src/autotest.o
 .text.check_setpin
                0x08002b70      0x198 D:/School/ECE 36200/workspace/Lab3/src/autotest.o
 .text.check_clrpin
                0x08002d08      0x184 D:/School/ECE 36200/workspace/Lab3/src/autotest.o
 .text.check_getpin
                0x08002e8c      0x148 D:/School/ECE 36200/workspace/Lab3/src/autotest.o
 .text.check_seq_leds
                0x08002fd4      0x100 D:/School/ECE 36200/workspace/Lab3/src/autotest.o
 .text.SysTick_Handler
                0x080030d4       0x30 D:/School/ECE 36200/workspace/Lab3/src/autotest.o
                0x080030d4                SysTick_Handler
 .text.set_alarm
                0x08003104       0x54 D:/School/ECE 36200/workspace/Lab3/src/autotest.o
                0x08003104                set_alarm
 .text.clear_alarm
                0x08003158       0x24 D:/School/ECE 36200/workspace/Lab3/src/autotest.o
 .text.check_detect_buttons
                0x0800317c      0x198 D:/School/ECE 36200/workspace/Lab3/src/autotest.o
 .text.check_wiring
                0x08003314      0x188 D:/School/ECE 36200/workspace/Lab3/src/autotest.o
 .text.check_enable_port_a
                0x0800349c      0x18c D:/School/ECE 36200/workspace/Lab3/src/autotest.o
 .text.check_port_a_input
                0x08003628      0x1e4 D:/School/ECE 36200/workspace/Lab3/src/autotest.o
 .text.check_port_b_input2
                0x0800380c      0x190 D:/School/ECE 36200/workspace/Lab3/src/autotest.o
 .text.check_port_c_output2
                0x0800399c      0x100 D:/School/ECE 36200/workspace/Lab3/src/autotest.o
 .text.check_seq_leds2
                0x08003a9c      0x134 D:/School/ECE 36200/workspace/Lab3/src/autotest.o
 .text.check_detect_buttons2
                0x08003bd0      0x248 D:/School/ECE 36200/workspace/Lab3/src/autotest.o
 .text.autotest
                0x08003e18      0x600 D:/School/ECE 36200/workspace/Lab3/src/autotest.o
                0x08003e18                autotest
 .text.__libc_init_array
                0x08004418       0x48 c:/ac6/systemworkbench/plugins/fr.ac6.mcu.externaltools.arm-none.win32_1.17.0.201812190825/tools/compiler/bin/../lib/gcc/arm-none-eabi/7.3.1/../../../../arm-none-eabi/lib/thumb/v6-m\libc.a(lib_a-init.o)
                0x08004418                __libc_init_array
 .text.memcpy   0x08004460       0x88 c:/ac6/systemworkbench/plugins/fr.ac6.mcu.externaltools.arm-none.win32_1.17.0.201812190825/tools/compiler/bin/../lib/gcc/arm-none-eabi/7.3.1/../../../../arm-none-eabi/lib/thumb/v6-m\libc.a(lib_a-memcpy-stub.o)
                0x08004460                memcpy
 .text.memset   0x080044e8       0x9c c:/ac6/systemworkbench/plugins/fr.ac6.mcu.externaltools.arm-none.win32_1.17.0.201812190825/tools/compiler/bin/../lib/gcc/arm-none-eabi/7.3.1/../../../../arm-none-eabi/lib/thumb/v6-m\libc.a(lib_a-memset.o)
                0x080044e8                memset
 .text.srandom  0x08004584       0x14 c:/ac6/systemworkbench/plugins/fr.ac6.mcu.externaltools.arm-none.win32_1.17.0.201812190825/tools/compiler/bin/../lib/gcc/arm-none-eabi/7.3.1/../../../../arm-none-eabi/lib/thumb/v6-m\libc.a(lib_a-random.o)
                0x08004584                srandom
 .text.strcat   0x08004598       0x50 c:/ac6/systemworkbench/plugins/fr.ac6.mcu.externaltools.arm-none.win32_1.17.0.201812190825/tools/compiler/bin/../lib/gcc/arm-none-eabi/7.3.1/../../../../arm-none-eabi/lib/thumb/v6-m\libc.a(lib_a-strcat.o)
                0x08004598                strcat
 .text.strcpy   0x080045e8       0x10 c:/ac6/systemworkbench/plugins/fr.ac6.mcu.externaltools.arm-none.win32_1.17.0.201812190825/tools/compiler/bin/../lib/gcc/arm-none-eabi/7.3.1/../../../../arm-none-eabi/lib/thumb/v6-m\libc.a(lib_a-strcpy.o)
                0x080045e8                strcpy
 .text.strlen   0x080045f8       0x64 c:/ac6/systemworkbench/plugins/fr.ac6.mcu.externaltools.arm-none.win32_1.17.0.201812190825/tools/compiler/bin/../lib/gcc/arm-none-eabi/7.3.1/../../../../arm-none-eabi/lib/thumb/v6-m\libc.a(lib_a-strlen-stub.o)
                0x080045f8                strlen
 .text.strncpy  0x0800465c       0x8c c:/ac6/systemworkbench/plugins/fr.ac6.mcu.externaltools.arm-none.win32_1.17.0.201812190825/tools/compiler/bin/../lib/gcc/arm-none-eabi/7.3.1/../../../../arm-none-eabi/lib/thumb/v6-m\libc.a(lib_a-strncpy.o)
                0x0800465c                strncpy
 .text.startup.register_fini
                0x080046e8       0x18 c:/ac6/systemworkbench/plugins/fr.ac6.mcu.externaltools.arm-none.win32_1.17.0.201812190825/tools/compiler/bin/../lib/gcc/arm-none-eabi/7.3.1/../../../../arm-none-eabi/lib/thumb/v6-m\libc.a(lib_a-__call_atexit.o)
 .text.atexit   0x08004700       0x10 c:/ac6/systemworkbench/plugins/fr.ac6.mcu.externaltools.arm-none.win32_1.17.0.201812190825/tools/compiler/bin/../lib/gcc/arm-none-eabi/7.3.1/../../../../arm-none-eabi/lib/thumb/v6-m\libc.a(lib_a-atexit.o)
                0x08004700                atexit
 .text.__libc_fini_array
                0x08004710       0x34 c:/ac6/systemworkbench/plugins/fr.ac6.mcu.externaltools.arm-none.win32_1.17.0.201812190825/tools/compiler/bin/../lib/gcc/arm-none-eabi/7.3.1/../../../../arm-none-eabi/lib/thumb/v6-m\libc.a(lib_a-fini.o)
                0x08004710                __libc_fini_array
 .text.__retarget_lock_acquire_recursive
                0x08004744        0x4 c:/ac6/systemworkbench/plugins/fr.ac6.mcu.externaltools.arm-none.win32_1.17.0.201812190825/tools/compiler/bin/../lib/gcc/arm-none-eabi/7.3.1/../../../../arm-none-eabi/lib/thumb/v6-m\libc.a(lib_a-lock.o)
                0x08004744                __retarget_lock_acquire_recursive
 .text.__retarget_lock_release_recursive
                0x08004748        0x4 c:/ac6/systemworkbench/plugins/fr.ac6.mcu.externaltools.arm-none.win32_1.17.0.201812190825/tools/compiler/bin/../lib/gcc/arm-none-eabi/7.3.1/../../../../arm-none-eabi/lib/thumb/v6-m\libc.a(lib_a-lock.o)
                0x08004748                __retarget_lock_release_recursive
 .text.__register_exitproc
                0x0800474c       0xf4 c:/ac6/systemworkbench/plugins/fr.ac6.mcu.externaltools.arm-none.win32_1.17.0.201812190825/tools/compiler/bin/../lib/gcc/arm-none-eabi/7.3.1/../../../../arm-none-eabi/lib/thumb/v6-m\libc.a(lib_a-__atexit.o)
                0x0800474c                __register_exitproc
 *(.glue_7)
 .glue_7        0x08004840        0x0 linker stubs
 *(.glue_7t)
 .glue_7t       0x08004840        0x0 linker stubs
 *(.eh_frame)
 .eh_frame      0x08004840        0x0 c:/ac6/systemworkbench/plugins/fr.ac6.mcu.externaltools.arm-none.win32_1.17.0.201812190825/tools/compiler/bin/../lib/gcc/arm-none-eabi/7.3.1/thumb/v6-m/crtbegin.o
 *(.init)
 .init          0x08004840        0x4 c:/ac6/systemworkbench/plugins/fr.ac6.mcu.externaltools.arm-none.win32_1.17.0.201812190825/tools/compiler/bin/../lib/gcc/arm-none-eabi/7.3.1/thumb/v6-m/crti.o
                0x08004840                _init
 .init          0x08004844        0x8 c:/ac6/systemworkbench/plugins/fr.ac6.mcu.externaltools.arm-none.win32_1.17.0.201812190825/tools/compiler/bin/../lib/gcc/arm-none-eabi/7.3.1/thumb/v6-m/crtn.o
 *(.fini)
 .fini          0x0800484c        0x4 c:/ac6/systemworkbench/plugins/fr.ac6.mcu.externaltools.arm-none.win32_1.17.0.201812190825/tools/compiler/bin/../lib/gcc/arm-none-eabi/7.3.1/thumb/v6-m/crti.o
                0x0800484c                _fini
 .fini          0x08004850        0x8 c:/ac6/systemworkbench/plugins/fr.ac6.mcu.externaltools.arm-none.win32_1.17.0.201812190825/tools/compiler/bin/../lib/gcc/arm-none-eabi/7.3.1/thumb/v6-m/crtn.o
                0x08004858                . = ALIGN (0x4)
                0x08004858                _etext = .

.vfp11_veneer   0x08004858        0x0
 .vfp11_veneer  0x08004858        0x0 linker stubs

.v4_bx          0x08004858        0x0
 .v4_bx         0x08004858        0x0 linker stubs

.iplt           0x08004858        0x0
 .iplt          0x08004858        0x0 c:/ac6/systemworkbench/plugins/fr.ac6.mcu.externaltools.arm-none.win32_1.17.0.201812190825/tools/compiler/bin/../lib/gcc/arm-none-eabi/7.3.1/thumb/v6-m/crtbegin.o

.rodata         0x08004858      0x818
                0x08004858                . = ALIGN (0x4)
 *(.rodata)
 .rodata        0x08004858      0x814 D:/School/ECE 36200/workspace/Lab3/src/autotest.o
 *(.rodata*)
 .rodata._global_impure_ptr
                0x0800506c        0x4 c:/ac6/systemworkbench/plugins/fr.ac6.mcu.externaltools.arm-none.win32_1.17.0.201812190825/tools/compiler/bin/../lib/gcc/arm-none-eabi/7.3.1/../../../../arm-none-eabi/lib/thumb/v6-m\libc.a(lib_a-impure.o)
                0x0800506c                _global_impure_ptr
                0x08005070                . = ALIGN (0x4)

.rel.dyn        0x08005070        0x0
 .rel.iplt      0x08005070        0x0 c:/ac6/systemworkbench/plugins/fr.ac6.mcu.externaltools.arm-none.win32_1.17.0.201812190825/tools/compiler/bin/../lib/gcc/arm-none-eabi/7.3.1/thumb/v6-m/crtbegin.o

.ARM.extab      0x08005070        0x0
                0x08005070                . = ALIGN (0x4)
 *(.ARM.extab* .gnu.linkonce.armextab.*)
                0x08005070                . = ALIGN (0x4)

.ARM            0x08005070        0x0
                0x08005070                . = ALIGN (0x4)
                0x08005070                __exidx_start = .
 *(.ARM.exidx*)
                0x08005070                __exidx_end = .
                0x08005070                . = ALIGN (0x4)

.preinit_array  0x08005070        0x0
                0x08005070                . = ALIGN (0x4)
                0x08005070                PROVIDE (__preinit_array_start = .)
 *(.preinit_array*)
                0x08005070                PROVIDE (__preinit_array_end = .)
                0x08005070                . = ALIGN (0x4)

.init_array     0x08005070        0x8
                0x08005070                . = ALIGN (0x4)
                0x08005070                PROVIDE (__init_array_start = .)
 *(SORT_BY_NAME(.init_array.*))
 .init_array.00000
                0x08005070        0x4 c:/ac6/systemworkbench/plugins/fr.ac6.mcu.externaltools.arm-none.win32_1.17.0.201812190825/tools/compiler/bin/../lib/gcc/arm-none-eabi/7.3.1/../../../../arm-none-eabi/lib/thumb/v6-m\libc.a(lib_a-__call_atexit.o)
 *(.init_array*)
 .init_array    0x08005074        0x4 c:/ac6/systemworkbench/plugins/fr.ac6.mcu.externaltools.arm-none.win32_1.17.0.201812190825/tools/compiler/bin/../lib/gcc/arm-none-eabi/7.3.1/thumb/v6-m/crtbegin.o
                0x08005078                PROVIDE (__init_array_end = .)
                0x08005078                . = ALIGN (0x4)

.fini_array     0x08005078        0x4
                0x08005078                . = ALIGN (0x4)
                0x08005078                PROVIDE (__fini_array_start = .)
 *(SORT_BY_NAME(.fini_array.*))
 *(.fini_array*)
 .fini_array    0x08005078        0x4 c:/ac6/systemworkbench/plugins/fr.ac6.mcu.externaltools.arm-none.win32_1.17.0.201812190825/tools/compiler/bin/../lib/gcc/arm-none-eabi/7.3.1/thumb/v6-m/crtbegin.o
                0x0800507c                PROVIDE (__fini_array_end = .)
                0x0800507c                . = ALIGN (0x4)
                0x0800507c                _sidata = LOADADDR (.data)

.data           0x20000000      0x444 load address 0x0800507c
                0x20000000                . = ALIGN (0x4)
                0x20000000                _sdata = .
 *(.data)
 .data          0x20000000       0x14 src/main.o
                0x20000000                state
                0x20000010                state2
 *(.data*)
 .data._impure_ptr
                0x20000014        0x4 c:/ac6/systemworkbench/plugins/fr.ac6.mcu.externaltools.arm-none.win32_1.17.0.201812190825/tools/compiler/bin/../lib/gcc/arm-none-eabi/7.3.1/../../../../arm-none-eabi/lib/thumb/v6-m\libc.a(lib_a-impure.o)
                0x20000014                _impure_ptr
 .data.impure_data
                0x20000018      0x428 c:/ac6/systemworkbench/plugins/fr.ac6.mcu.externaltools.arm-none.win32_1.17.0.201812190825/tools/compiler/bin/../lib/gcc/arm-none-eabi/7.3.1/../../../../arm-none-eabi/lib/thumb/v6-m\libc.a(lib_a-impure.o)
 .data.__atexit_recursive_mutex
                0x20000440        0x4 c:/ac6/systemworkbench/plugins/fr.ac6.mcu.externaltools.arm-none.win32_1.17.0.201812190825/tools/compiler/bin/../lib/gcc/arm-none-eabi/7.3.1/../../../../arm-none-eabi/lib/thumb/v6-m\libc.a(lib_a-__call_atexit.o)
                0x20000440                __atexit_recursive_mutex
                0x20000444                . = ALIGN (0x4)
                0x20000444                _edata = .

.igot.plt       0x20000444        0x0 load address 0x080054c0
 .igot.plt      0x20000444        0x0 c:/ac6/systemworkbench/plugins/fr.ac6.mcu.externaltools.arm-none.win32_1.17.0.201812190825/tools/compiler/bin/../lib/gcc/arm-none-eabi/7.3.1/thumb/v6-m/crtbegin.o
                0x20000444                . = ALIGN (0x4)

.bss            0x20000444      0x400 load address 0x080054c0
                0x20000444                _sbss = .
                0x20000444                __bss_start__ = _sbss
 *(.bss)
 .bss           0x20000444       0x1c c:/ac6/systemworkbench/plugins/fr.ac6.mcu.externaltools.arm-none.win32_1.17.0.201812190825/tools/compiler/bin/../lib/gcc/arm-none-eabi/7.3.1/thumb/v6-m/crtbegin.o
 .bss           0x20000460      0x3c0 D:/School/ECE 36200/workspace/Lab3/src/autotest.o
 *(.bss*)
 *(COMMON)
 COMMON         0x20000820       0x21 c:/ac6/systemworkbench/plugins/fr.ac6.mcu.externaltools.arm-none.win32_1.17.0.201812190825/tools/compiler/bin/../lib/gcc/arm-none-eabi/7.3.1/../../../../arm-none-eabi/lib/thumb/v6-m\libc.a(lib_a-lock.o)
                0x20000820                __lock___atexit_recursive_mutex
                0x20000824                __lock___arc4random_mutex
                0x20000828                __lock___env_recursive_mutex
                0x2000082c                __lock___sinit_recursive_mutex
                0x20000830                __lock___malloc_recursive_mutex
                0x20000834                __lock___at_quick_exit_mutex
                0x20000838                __lock___dd_hash_mutex
                0x2000083c                __lock___tz_mutex
                0x20000840                __lock___sfp_recursive_mutex
                0x20000844                . = ALIGN (0x4)
 *fill*         0x20000841        0x3 
                0x20000844                _ebss = .
                0x20000844                __bss_end__ = _ebss

._user_heap_stack
                0x20000844      0x404 load address 0x080054c0
                0x20000848                . = ALIGN (0x8)
 *fill*         0x20000844        0x4 
                0x20000848                PROVIDE (end = .)
                [!provide]                PROVIDE (_end = .)
                0x20000848                . = (. + _Min_Heap_Size)
                0x20000c48                . = (. + _Min_Stack_Size)
 *fill*         0x20000848      0x400 
                0x20000c48                . = ALIGN (0x8)

/DISCARD/
 libc.a(*)
 libm.a(*)
 libgcc.a(*)

.ARM.attributes
                0x00000000       0x28
 *(.ARM.attributes)
 .ARM.attributes
                0x00000000       0x1e c:/ac6/systemworkbench/plugins/fr.ac6.mcu.externaltools.arm-none.win32_1.17.0.201812190825/tools/compiler/bin/../lib/gcc/arm-none-eabi/7.3.1/thumb/v6-m/crti.o
 .ARM.attributes
                0x0000001e       0x2c c:/ac6/systemworkbench/plugins/fr.ac6.mcu.externaltools.arm-none.win32_1.17.0.201812190825/tools/compiler/bin/../lib/gcc/arm-none-eabi/7.3.1/thumb/v6-m/crtbegin.o
 .ARM.attributes
                0x0000004a       0x21 src/main.o
 .ARM.attributes
                0x0000006b       0x31 src/system_stm32f0xx.o
 .ARM.attributes
                0x0000009c       0x21 startup/startup_stm32.o
 .ARM.attributes
                0x000000bd       0x31 D:/School/ECE 36200/workspace/Lab3/src/autotest.o
 .ARM.attributes
                0x000000ee       0x1e c:/ac6/systemworkbench/plugins/fr.ac6.mcu.externaltools.arm-none.win32_1.17.0.201812190825/tools/compiler/bin/../lib/gcc/arm-none-eabi/7.3.1/thumb/v6-m\libgcc.a(_divsi3.o)
 .ARM.attributes
                0x0000010c       0x1e c:/ac6/systemworkbench/plugins/fr.ac6.mcu.externaltools.arm-none.win32_1.17.0.201812190825/tools/compiler/bin/../lib/gcc/arm-none-eabi/7.3.1/thumb/v6-m\libgcc.a(_dvmd_tls.o)
 .ARM.attributes
                0x0000012a       0x2c c:/ac6/systemworkbench/plugins/fr.ac6.mcu.externaltools.arm-none.win32_1.17.0.201812190825/tools/compiler/bin/../lib/gcc/arm-none-eabi/7.3.1/../../../../arm-none-eabi/lib/thumb/v6-m\libc.a(lib_a-impure.o)
 .ARM.attributes
                0x00000156       0x2c c:/ac6/systemworkbench/plugins/fr.ac6.mcu.externaltools.arm-none.win32_1.17.0.201812190825/tools/compiler/bin/../lib/gcc/arm-none-eabi/7.3.1/../../../../arm-none-eabi/lib/thumb/v6-m\libc.a(lib_a-init.o)
 .ARM.attributes
                0x00000182       0x2c c:/ac6/systemworkbench/plugins/fr.ac6.mcu.externaltools.arm-none.win32_1.17.0.201812190825/tools/compiler/bin/../lib/gcc/arm-none-eabi/7.3.1/../../../../arm-none-eabi/lib/thumb/v6-m\libc.a(lib_a-memcpy-stub.o)
 .ARM.attributes
                0x000001ae       0x2c c:/ac6/systemworkbench/plugins/fr.ac6.mcu.externaltools.arm-none.win32_1.17.0.201812190825/tools/compiler/bin/../lib/gcc/arm-none-eabi/7.3.1/../../../../arm-none-eabi/lib/thumb/v6-m\libc.a(lib_a-memset.o)
 .ARM.attributes
                0x000001da       0x2c c:/ac6/systemworkbench/plugins/fr.ac6.mcu.externaltools.arm-none.win32_1.17.0.201812190825/tools/compiler/bin/../lib/gcc/arm-none-eabi/7.3.1/../../../../arm-none-eabi/lib/thumb/v6-m\libc.a(lib_a-random.o)
 .ARM.attributes
                0x00000206       0x2c c:/ac6/systemworkbench/plugins/fr.ac6.mcu.externaltools.arm-none.win32_1.17.0.201812190825/tools/compiler/bin/../lib/gcc/arm-none-eabi/7.3.1/../../../../arm-none-eabi/lib/thumb/v6-m\libc.a(lib_a-strcat.o)
 .ARM.attributes
                0x00000232       0x1b c:/ac6/systemworkbench/plugins/fr.ac6.mcu.externaltools.arm-none.win32_1.17.0.201812190825/tools/compiler/bin/../lib/gcc/arm-none-eabi/7.3.1/../../../../arm-none-eabi/lib/thumb/v6-m\libc.a(lib_a-strcmp.o)
 .ARM.attributes
                0x0000024d       0x2c c:/ac6/systemworkbench/plugins/fr.ac6.mcu.externaltools.arm-none.win32_1.17.0.201812190825/tools/compiler/bin/../lib/gcc/arm-none-eabi/7.3.1/../../../../arm-none-eabi/lib/thumb/v6-m\libc.a(lib_a-strcpy.o)
 .ARM.attributes
                0x00000279       0x2c c:/ac6/systemworkbench/plugins/fr.ac6.mcu.externaltools.arm-none.win32_1.17.0.201812190825/tools/compiler/bin/../lib/gcc/arm-none-eabi/7.3.1/../../../../arm-none-eabi/lib/thumb/v6-m\libc.a(lib_a-strlen-stub.o)
 .ARM.attributes
                0x000002a5       0x2c c:/ac6/systemworkbench/plugins/fr.ac6.mcu.externaltools.arm-none.win32_1.17.0.201812190825/tools/compiler/bin/../lib/gcc/arm-none-eabi/7.3.1/../../../../arm-none-eabi/lib/thumb/v6-m\libc.a(lib_a-strncpy.o)
 .ARM.attributes
                0x000002d1       0x2c c:/ac6/systemworkbench/plugins/fr.ac6.mcu.externaltools.arm-none.win32_1.17.0.201812190825/tools/compiler/bin/../lib/gcc/arm-none-eabi/7.3.1/../../../../arm-none-eabi/lib/thumb/v6-m\libc.a(lib_a-__call_atexit.o)
 .ARM.attributes
                0x000002fd       0x2c c:/ac6/systemworkbench/plugins/fr.ac6.mcu.externaltools.arm-none.win32_1.17.0.201812190825/tools/compiler/bin/../lib/gcc/arm-none-eabi/7.3.1/../../../../arm-none-eabi/lib/thumb/v6-m\libc.a(lib_a-atexit.o)
 .ARM.attributes
                0x00000329       0x2c c:/ac6/systemworkbench/plugins/fr.ac6.mcu.externaltools.arm-none.win32_1.17.0.201812190825/tools/compiler/bin/../lib/gcc/arm-none-eabi/7.3.1/../../../../arm-none-eabi/lib/thumb/v6-m\libc.a(lib_a-fini.o)
 .ARM.attributes
                0x00000355       0x2c c:/ac6/systemworkbench/plugins/fr.ac6.mcu.externaltools.arm-none.win32_1.17.0.201812190825/tools/compiler/bin/../lib/gcc/arm-none-eabi/7.3.1/../../../../arm-none-eabi/lib/thumb/v6-m\libc.a(lib_a-lock.o)
 .ARM.attributes
                0x00000381       0x2c c:/ac6/systemworkbench/plugins/fr.ac6.mcu.externaltools.arm-none.win32_1.17.0.201812190825/tools/compiler/bin/../lib/gcc/arm-none-eabi/7.3.1/../../../../arm-none-eabi/lib/thumb/v6-m\libc.a(lib_a-__atexit.o)
 .ARM.attributes
                0x000003ad       0x1e c:/ac6/systemworkbench/plugins/fr.ac6.mcu.externaltools.arm-none.win32_1.17.0.201812190825/tools/compiler/bin/../lib/gcc/arm-none-eabi/7.3.1/thumb/v6-m/crtn.o
OUTPUT(Lab3.elf elf32-littlearm)

.debug_line     0x00000000      0x7e7
 .debug_line    0x00000000      0x164 src/main.o
 .debug_line    0x00000164      0x607 src/system_stm32f0xx.o
 .debug_line    0x0000076b       0x7c startup/startup_stm32.o

.debug_info     0x00000000      0x34e
 .debug_info    0x00000000       0x26 src/main.o
 .debug_info    0x00000026      0x306 src/system_stm32f0xx.o
 .debug_info    0x0000032c       0x22 startup/startup_stm32.o

.debug_abbrev   0x00000000      0x181
 .debug_abbrev  0x00000000       0x14 src/main.o
 .debug_abbrev  0x00000014      0x15b src/system_stm32f0xx.o
 .debug_abbrev  0x0000016f       0x12 startup/startup_stm32.o

.debug_aranges  0x00000000       0x78
 .debug_aranges
                0x00000000       0x20 src/main.o
 .debug_aranges
                0x00000020       0x30 src/system_stm32f0xx.o
 .debug_aranges
                0x00000050       0x28 startup/startup_stm32.o

.debug_str      0x00000000    0x4a949
 .debug_str     0x00000000       0x45 src/main.o
 .debug_str     0x00000045    0x4a8e9 src/system_stm32f0xx.o
                              0x4aa8c (size before relaxing)
 .debug_str     0x0004a92e       0x1b startup/startup_stm32.o
                                 0x52 (size before relaxing)

.debug_ranges   0x00000000       0x40
 .debug_ranges  0x00000000       0x20 src/system_stm32f0xx.o
 .debug_ranges  0x00000020       0x20 startup/startup_stm32.o

.debug_macro    0x00000000      0x189
 .debug_macro   0x00000000      0x189 src/system_stm32f0xx.o

.comment        0x00000000       0x7f
 .comment       0x00000000       0x7f src/system_stm32f0xx.o
                                 0x80 (size before relaxing)
 .comment       0x0000007f       0x80 D:/School/ECE 36200/workspace/Lab3/src/autotest.o

.debug_frame    0x00000000      0x3ac
 .debug_frame   0x00000000       0x6c src/system_stm32f0xx.o
 .debug_frame   0x0000006c       0x20 c:/ac6/systemworkbench/plugins/fr.ac6.mcu.externaltools.arm-none.win32_1.17.0.201812190825/tools/compiler/bin/../lib/gcc/arm-none-eabi/7.3.1/thumb/v6-m\libgcc.a(_divsi3.o)
 .debug_frame   0x0000008c       0x2c c:/ac6/systemworkbench/plugins/fr.ac6.mcu.externaltools.arm-none.win32_1.17.0.201812190825/tools/compiler/bin/../lib/gcc/arm-none-eabi/7.3.1/../../../../arm-none-eabi/lib/thumb/v6-m\libc.a(lib_a-init.o)
 .debug_frame   0x000000b8       0x30 c:/ac6/systemworkbench/plugins/fr.ac6.mcu.externaltools.arm-none.win32_1.17.0.201812190825/tools/compiler/bin/../lib/gcc/arm-none-eabi/7.3.1/../../../../arm-none-eabi/lib/thumb/v6-m\libc.a(lib_a-memcpy-stub.o)
 .debug_frame   0x000000e8       0x30 c:/ac6/systemworkbench/plugins/fr.ac6.mcu.externaltools.arm-none.win32_1.17.0.201812190825/tools/compiler/bin/../lib/gcc/arm-none-eabi/7.3.1/../../../../arm-none-eabi/lib/thumb/v6-m\libc.a(lib_a-memset.o)
 .debug_frame   0x00000118       0x38 c:/ac6/systemworkbench/plugins/fr.ac6.mcu.externaltools.arm-none.win32_1.17.0.201812190825/tools/compiler/bin/../lib/gcc/arm-none-eabi/7.3.1/../../../../arm-none-eabi/lib/thumb/v6-m\libc.a(lib_a-random.o)
 .debug_frame   0x00000150       0x2c c:/ac6/systemworkbench/plugins/fr.ac6.mcu.externaltools.arm-none.win32_1.17.0.201812190825/tools/compiler/bin/../lib/gcc/arm-none-eabi/7.3.1/../../../../arm-none-eabi/lib/thumb/v6-m\libc.a(lib_a-strcat.o)
 .debug_frame   0x0000017c       0x20 c:/ac6/systemworkbench/plugins/fr.ac6.mcu.externaltools.arm-none.win32_1.17.0.201812190825/tools/compiler/bin/../lib/gcc/arm-none-eabi/7.3.1/../../../../arm-none-eabi/lib/thumb/v6-m\libc.a(lib_a-strcmp.o)
 .debug_frame   0x0000019c       0x20 c:/ac6/systemworkbench/plugins/fr.ac6.mcu.externaltools.arm-none.win32_1.17.0.201812190825/tools/compiler/bin/../lib/gcc/arm-none-eabi/7.3.1/../../../../arm-none-eabi/lib/thumb/v6-m\libc.a(lib_a-strcpy.o)
 .debug_frame   0x000001bc       0x28 c:/ac6/systemworkbench/plugins/fr.ac6.mcu.externaltools.arm-none.win32_1.17.0.201812190825/tools/compiler/bin/../lib/gcc/arm-none-eabi/7.3.1/../../../../arm-none-eabi/lib/thumb/v6-m\libc.a(lib_a-strlen-stub.o)
 .debug_frame   0x000001e4       0x34 c:/ac6/systemworkbench/plugins/fr.ac6.mcu.externaltools.arm-none.win32_1.17.0.201812190825/tools/compiler/bin/../lib/gcc/arm-none-eabi/7.3.1/../../../../arm-none-eabi/lib/thumb/v6-m\libc.a(lib_a-strncpy.o)
 .debug_frame   0x00000218       0x54 c:/ac6/systemworkbench/plugins/fr.ac6.mcu.externaltools.arm-none.win32_1.17.0.201812190825/tools/compiler/bin/../lib/gcc/arm-none-eabi/7.3.1/../../../../arm-none-eabi/lib/thumb/v6-m\libc.a(lib_a-__call_atexit.o)
 .debug_frame   0x0000026c       0x28 c:/ac6/systemworkbench/plugins/fr.ac6.mcu.externaltools.arm-none.win32_1.17.0.201812190825/tools/compiler/bin/../lib/gcc/arm-none-eabi/7.3.1/../../../../arm-none-eabi/lib/thumb/v6-m\libc.a(lib_a-atexit.o)
 .debug_frame   0x00000294       0x2c c:/ac6/systemworkbench/plugins/fr.ac6.mcu.externaltools.arm-none.win32_1.17.0.201812190825/tools/compiler/bin/../lib/gcc/arm-none-eabi/7.3.1/../../../../arm-none-eabi/lib/thumb/v6-m\libc.a(lib_a-fini.o)
 .debug_frame   0x000002c0       0xb0 c:/ac6/systemworkbench/plugins/fr.ac6.mcu.externaltools.arm-none.win32_1.17.0.201812190825/tools/compiler/bin/../lib/gcc/arm-none-eabi/7.3.1/../../../../arm-none-eabi/lib/thumb/v6-m\libc.a(lib_a-lock.o)
 .debug_frame   0x00000370       0x3c c:/ac6/systemworkbench/plugins/fr.ac6.mcu.externaltools.arm-none.win32_1.17.0.201812190825/tools/compiler/bin/../lib/gcc/arm-none-eabi/7.3.1/../../../../arm-none-eabi/lib/thumb/v6-m\libc.a(lib_a-__atexit.o)
